Component: ARM Compiler 5.06 update 2 (build 183) Tool: armlink [4d35b7]

==============================================================================

Section Cross References

    startup_stm32f103xb.o(RESET) refers to startup_stm32f103xb.o(STACK) for __initial_sp
    startup_stm32f103xb.o(RESET) refers to startup_stm32f103xb.o(.text) for Reset_Handler
    startup_stm32f103xb.o(RESET) refers to stm32f1xx_it.o(i.NMI_Handler) for NMI_Handler
    startup_stm32f103xb.o(RESET) refers to stm32f1xx_it.o(i.HardFault_Handler) for HardFault_Handler
    startup_stm32f103xb.o(RESET) refers to stm32f1xx_it.o(i.MemManage_Handler) for MemManage_Handler
    startup_stm32f103xb.o(RESET) refers to stm32f1xx_it.o(i.BusFault_Handler) for BusFault_Handler
    startup_stm32f103xb.o(RESET) refers to stm32f1xx_it.o(i.UsageFault_Handler) for UsageFault_Handler
    startup_stm32f103xb.o(RESET) refers to port.o(.emb_text) for SVC_Handler
    startup_stm32f103xb.o(RESET) refers to stm32f1xx_it.o(i.DebugMon_Handler) for DebugMon_Handler
    startup_stm32f103xb.o(RESET) refers to stm32f1xx_it.o(i.SysTick_Handler) for SysTick_Handler
    startup_stm32f103xb.o(RESET) refers to stm32f1xx_it.o(i.ADC1_2_IRQHandler) for ADC1_2_IRQHandler
    startup_stm32f103xb.o(RESET) refers to stm32f1xx_it.o(i.USB_HP_CAN1_TX_IRQHandler) for USB_HP_CAN1_TX_IRQHandler
    startup_stm32f103xb.o(RESET) refers to stm32f1xx_it.o(i.USB_LP_CAN1_RX0_IRQHandler) for USB_LP_CAN1_RX0_IRQHandler
    startup_stm32f103xb.o(RESET) refers to stm32f1xx_it.o(i.TIM1_UP_IRQHandler) for TIM1_UP_IRQHandler
    startup_stm32f103xb.o(RESET) refers to stm32f1xx_it.o(i.USART1_IRQHandler) for USART1_IRQHandler
    startup_stm32f103xb.o(RESET) refers to stm32f1xx_it.o(i.USART2_IRQHandler) for USART2_IRQHandler
    startup_stm32f103xb.o(.text) refers to system_stm32f1xx.o(i.SystemInit) for SystemInit
    startup_stm32f103xb.o(.text) refers to entry.o(.ARM.Collect$$$$00000000) for __main
    stm32f1xx_hal_pcd.o(i.HAL_PCD_ActivateRemoteWakeup) refers to stm32f1xx_ll_usb.o(i.USB_ActivateRemoteWakeup) for USB_ActivateRemoteWakeup
    stm32f1xx_hal_pcd.o(i.HAL_PCD_DeActivateRemoteWakeup) refers to stm32f1xx_ll_usb.o(i.USB_DeActivateRemoteWakeup) for USB_DeActivateRemoteWakeup
    stm32f1xx_hal_pcd.o(i.HAL_PCD_DeInit) refers to stm32f1xx_hal_pcd.o(i.HAL_PCD_Stop) for HAL_PCD_Stop
    stm32f1xx_hal_pcd.o(i.HAL_PCD_DeInit) refers to usbd_conf.o(i.HAL_PCD_MspDeInit) for HAL_PCD_MspDeInit
    stm32f1xx_hal_pcd.o(i.HAL_PCD_DevConnect) refers to usbd_conf.o(i.HAL_PCDEx_SetConnectionState) for HAL_PCDEx_SetConnectionState
    stm32f1xx_hal_pcd.o(i.HAL_PCD_DevConnect) refers to stm32f1xx_ll_usb.o(i.USB_DevConnect) for USB_DevConnect
    stm32f1xx_hal_pcd.o(i.HAL_PCD_DevDisconnect) refers to usbd_conf.o(i.HAL_PCDEx_SetConnectionState) for HAL_PCDEx_SetConnectionState
    stm32f1xx_hal_pcd.o(i.HAL_PCD_DevDisconnect) refers to stm32f1xx_ll_usb.o(i.USB_DevDisconnect) for USB_DevDisconnect
    stm32f1xx_hal_pcd.o(i.HAL_PCD_EP_Close) refers to stm32f1xx_ll_usb.o(i.USB_DeactivateEndpoint) for USB_DeactivateEndpoint
    stm32f1xx_hal_pcd.o(i.HAL_PCD_EP_ClrStall) refers to stm32f1xx_ll_usb.o(i.USB_EPClearStall) for USB_EPClearStall
    stm32f1xx_hal_pcd.o(i.HAL_PCD_EP_Flush) refers to stm32f1xx_ll_usb.o(i.USB_FlushTxFifo) for USB_FlushTxFifo
    stm32f1xx_hal_pcd.o(i.HAL_PCD_EP_Flush) refers to stm32f1xx_ll_usb.o(i.USB_FlushRxFifo) for USB_FlushRxFifo
    stm32f1xx_hal_pcd.o(i.HAL_PCD_EP_Open) refers to stm32f1xx_ll_usb.o(i.USB_ActivateEndpoint) for USB_ActivateEndpoint
    stm32f1xx_hal_pcd.o(i.HAL_PCD_EP_Receive) refers to stm32f1xx_ll_usb.o(i.USB_EPStartXfer) for USB_EPStartXfer
    stm32f1xx_hal_pcd.o(i.HAL_PCD_EP_SetStall) refers to stm32f1xx_ll_usb.o(i.USB_EPSetStall) for USB_EPSetStall
    stm32f1xx_hal_pcd.o(i.HAL_PCD_EP_SetStall) refers to stm32f1xx_ll_usb.o(i.USB_EP0_OutStart) for USB_EP0_OutStart
    stm32f1xx_hal_pcd.o(i.HAL_PCD_EP_Transmit) refers to stm32f1xx_ll_usb.o(i.USB_EPStartXfer) for USB_EPStartXfer
    stm32f1xx_hal_pcd.o(i.HAL_PCD_IRQHandler) refers to stm32f1xx_ll_usb.o(i.USB_ReadInterrupts) for USB_ReadInterrupts
    stm32f1xx_hal_pcd.o(i.HAL_PCD_IRQHandler) refers to stm32f1xx_hal_pcd.o(i.PCD_EP_ISR_Handler) for PCD_EP_ISR_Handler
    stm32f1xx_hal_pcd.o(i.HAL_PCD_IRQHandler) refers to usbd_conf.o(i.HAL_PCD_ResetCallback) for HAL_PCD_ResetCallback
    stm32f1xx_hal_pcd.o(i.HAL_PCD_IRQHandler) refers to stm32f1xx_hal_pcd.o(i.HAL_PCD_SetAddress) for HAL_PCD_SetAddress
    stm32f1xx_hal_pcd.o(i.HAL_PCD_IRQHandler) refers to usbd_conf.o(i.HAL_PCD_ResumeCallback) for HAL_PCD_ResumeCallback
    stm32f1xx_hal_pcd.o(i.HAL_PCD_IRQHandler) refers to usbd_conf.o(i.HAL_PCD_SuspendCallback) for HAL_PCD_SuspendCallback
    stm32f1xx_hal_pcd.o(i.HAL_PCD_IRQHandler) refers to usbd_conf.o(i.HAL_PCD_SOFCallback) for HAL_PCD_SOFCallback
    stm32f1xx_hal_pcd.o(i.HAL_PCD_Init) refers to usbd_conf.o(i.HAL_PCD_MspInit) for HAL_PCD_MspInit
[...]
    .conststring                             0x08006828   Section      120  freertos.o(.conststring)
    .data                                    0x20000000   Section       12  stm32f1xx_hal.o(.data)
    .data                                    0x2000000c   Section       16  main.o(.data)
    .data                                    0x2000001c   Section      986  freertos.o(.data)
    .data                                    0x200003f8   Section       28  usbd_desc.o(.data)
    .data                                    0x20000414   Section       22  usbd_desc.o(.data)
    .data                                    0x2000042a   Section        4  usbd_cdc_if.o(.data)
    .data                                    0x20000430   Section       16  usbd_cdc_if.o(.data)
    .data                                    0x20000440   Section        1  usbd_ctlreq.o(.data)
    cfgidx                                   0x20000440   Data           1  usbd_ctlreq.o(.data)
    .data                                    0x20000444   Section      219  usbd_cdc.o(.data)
    ifalt                                    0x20000444   Data           1  usbd_cdc.o(.data)
    USBD_CDC_DeviceQualifierDesc             0x20000448   Data          10  usbd_cdc.o(.data)
    .data                                    0x20000520   Section       56  usbd_cdc.o(.data)
    .data                                    0x20000558   Section        4  system_stm32f1xx.o(.data)
    .data                                    0x2000055c   Section       24  heap_4.o(.data)
    pxEnd                                    0x2000055c   Data           4  heap_4.o(.data)
    xFreeBytesRemaining                      0x20000560   Data           4  heap_4.o(.data)
    xMinimumEverFreeBytesRemaining           0x20000564   Data           4  heap_4.o(.data)
    xBlockAllocatedBit                       0x20000568   Data           4  heap_4.o(.data)
    xStart                                   0x2000056c   Data           8  heap_4.o(.data)
    .data                                    0x20000574   Section       12  port.o(.data)
    ucMaxSysCallPriority                     0x20000574   Data           1  port.o(.data)
    uxCriticalNesting                        0x20000578   Data           4  port.o(.data)
    ulMaxPRIGROUPValue                       0x2000057c   Data           4  port.o(.data)
    .data                                    0x20000580   Section       60  tasks.o(.data)
    uxDeletedTasksWaitingCleanUp             0x20000584   Data           4  tasks.o(.data)
    uxCurrentNumberOfTasks                   0x20000588   Data           4  tasks.o(.data)
    xTickCount                               0x2000058c   Data           4  tasks.o(.data)
    uxTopReadyPriority                       0x20000590   Data           4  tasks.o(.data)
    xSchedulerRunning                        0x20000594   Data           4  tasks.o(.data)
    uxPendedTicks                            0x20000598   Data           4  tasks.o(.data)
    xYieldPending                            0x2000059c   Data           4  tasks.o(.data)
    xNumOfOverflows                          0x200005a0   Data           4  tasks.o(.data)
    uxTaskNumber                             0x200005a4   Data           4  tasks.o(.data)
    xNextTaskUnblockTime                     0x200005a8   Data           4  tasks.o(.data)
    xIdleTaskHandle                          0x200005ac   Data           4  tasks.o(.data)
    uxSchedulerSuspended                     0x200005b0   Data           4  tasks.o(.data)
    pxDelayedTaskList                        0x200005b4   Data           4  tasks.o(.data)
    pxOverflowDelayedTaskList                0x200005b8   Data           4  tasks.o(.data)
    .bss                                     0x200005bc   Section        9  main.o(.bss)
    .bss                                     0x200005c8   Section       48  adc.o(.bss)
    .bss                                     0x200005f8   Section      473  freertos.o(.bss)
    .bss                                     0x200007d4   Section       20  rtc.o(.bss)
    .bss                                     0x200007e8   Section      128  usart.o(.bss)
    .bss                                     0x20000868   Section      548  usb_device.o(.bss)
    .bss                                     0x20000a8c   Section     1664  usbd_conf.o(.bss)
    mem                                      0x20000a8c   Data         544  usbd_conf.o(.bss)
    .bss                                     0x2000110c   Section      512  usbd_desc.o(.bss)
    .bss                                     0x2000130c   Section     3000  usbd_cdc_if.o(.bss)
    .bss                                     0x20001ec4   Section       64  stm32f1xx_hal_timebase_tim.o(.bss)
    .bss                                     0x20001f04   Section     9171  heap_4.o(.bss)
    ucHeap                                   0x20001f04   Data        9171  heap_4.o(.bss)
    .bss                                     0x200042d8   Section      240  tasks.o(.bss)
    pxReadyTasksLists                        0x200042d8   Data         140  tasks.o(.bss)
    xDelayedTaskList1                        0x20004364   Data          20  tasks.o(.bss)
    xDelayedTaskList2                        0x20004378   Data          20  tasks.o(.bss)
    xPendingReadyList                        0x2000438c   Data          20  tasks.o(.bss)
    xTasksWaitingTermination                 0x200043a0   Data          20  tasks.o(.bss)
    xSuspendedTaskList                       0x200043b4   Data          20  tasks.o(.bss)
    STACK                                    0x200043c8   Section     1024  startup_stm32f103xb.o(STACK)

    Global Symbols

    Symbol Name                              Value     Ov Type        Size  Object(Section)

    BuildAttributes$$THM_ISAv4$P$D$K$B$S$PE$A:L22UL41UL21$X:L11$S22US41US21$IEEE1$IW$USESV6$~STKCKD$USESV7$~SHL$OTIME$ROPI$IEEEJ$EBA8$MICROLIB$REQ8$PRES8$EABIv2 0x00000000   Number         0  anon$$obj.o ABSOLUTE
    __ARM_use_no_argv                        0x00000000   Number         0  main.o ABSOLUTE
    __cpp_initialize__aeabi_                  - Undefined Weak Reference
    __cxa_finalize                            - Undefined Weak Reference
    _clock_init                               - Undefined Weak Reference
    _microlib_exit                            - Undefined Weak Reference
    __Vectors_Size                           0x000000ec   Number         0  startup_stm32f103xb.o ABSOLUTE
    __Vectors                                0x08000000   Data           4  startup_stm32f103xb.o(RESET)
    __Vectors_End                            0x080000ec   Data           0  startup_stm32f103xb.o(RESET)
    __main                                   0x080000ed   Thumb Code     0  entry.o(.ARM.Collect$$$$00000000)
    _main_stk                                0x080000ed   Thumb Code     0  entry2.o(.ARM.Collect$$$$00000001)
    _main_scatterload                        0x080000f1   Thumb Code     0  entry5.o(.ARM.Collect$$$$00000004)
    __main_after_scatterload                 0x080000f5   Thumb Code     0  entry5.o(.ARM.Collect$$$$00000004)
    _main_clock                              0x080000f5   Thumb Code     0  entry7b.o(.ARM.Collect$$$$00000008)
    _main_cpp_init                           0x080000f5   Thumb Code     0  entry8b.o(.ARM.Collect$$$$0000000A)
    _main_init                               0x080000f5   Thumb Code     0  entry9a.o(.ARM.Collect$$$$0000000B)
    __rt_final_cpp                           0x080000fd   Thumb Code     0  entry10a.o(.ARM.Collect$$$$0000000D)
    __rt_final_exit                          0x080000fd   Thumb Code     0  entry11a.o(.ARM.Collect$$$$0000000F)
    SVC_Handler                              0x08000101   Thumb Code    32  port.o(.emb_text)
    __asm___6_port_c_39a90d8d__prvStartFirstTask 0x08000125   Thumb Code    28  port.o(.emb_text)
    PendSV_Handler                           0x08000145   Thumb Code    72  port.o(.emb_text)
    vPortGetIPSR                             0x08000191   Thumb Code     6  port.o(.emb_text)
    Reset_Handler                            0x08000199   Thumb Code     8  startup_stm32f103xb.o(.text)
    CAN1_RX1_IRQHandler                      0x080001b3   Thumb Code     0  startup_stm32f103xb.o(.text)
    CAN1_SCE_IRQHandler                      0x080001b3   Thumb Code     0  startup_stm32f103xb.o(.text)
    DMA1_Channel1_IRQHandler                 0x080001b3   Thumb Code     0  startup_stm32f103xb.o(.text)
    DMA1_Channel2_IRQHandler                 0x080001b3   Thumb Code     0  startup_stm32f103xb.o(.text)
    DMA1_Channel3_IRQHandler                 0x080001b3   Thumb Code     0  startup_stm32f103xb.o(.text)
    DMA1_Channel4_IRQHandler                 0x080001b3   Thumb Code     0  startup_stm32f103xb.o(.text)
    DMA1_Channel5_IRQHandler                 0x080001b3   Thumb Code     0  startup_stm32f103xb.o(.text)
    DMA1_Channel6_IRQHandler                 0x080001b3   Thumb Code     0  startup_stm32f103xb.o(.text)
    DMA1_Channel7_IRQHandler                 0x080001b3   Thumb Code     0  startup_stm32f103xb.o(.text)
    EXTI0_IRQHandler                         0x080001b3   Thumb Code     0  startup_stm32f103xb.o(.text)
    EXTI15_10_IRQHandler                     0x080001b3   Thumb Code     0  startup_stm32f103xb.o(.text)
    EXTI1_IRQHandler                         0x080001b3   Thumb Code     0  startup_stm32f103xb.o(.text)
    EXTI2_IRQHandler                         0x080001b3   Thumb Code     0  startup_stm32f103xb.o(.text)
    EXTI3_IRQHandler                         0x080001b3   Thumb Code     0  startup_stm32f103xb.o(.text)
    EXTI4_IRQHandler                         0x080001b3   Thumb Code     0  startup_stm32f103xb.o(.text)
    EXTI9_5_IRQHandler                       0x080001b3   Thumb Code     0  startup_stm32f103xb.o(.text)
    FLASH_IRQHandler                         0x080001b3   Thumb Code     0  startup_stm32f103xb.o(.text)
    I2C1_ER_IRQHandler                       0x080001b3   Thumb Code     0  startup_stm32f103xb.o(.text)
    I2C1_EV_IRQHandler                       0x080001b3   Thumb Code     0  startup_stm32f103xb.o(.text)
    I2C2_ER_IRQHandler                       0x080001b3   Thumb Code     0  startup_stm32f103xb.o(.text)
    I2C2_EV_IRQHandler                       0x080001b3   Thumb Code     0  startup_stm32f103xb.o(.text)
    PVD_IRQHandler                           0x080001b3   Thumb Code     0  startup_stm32f103xb.o(.text)
    RCC_IRQHandler                           0x080001b3   Thumb Code     0  startup_stm32f103xb.o(.text)
    RTC_Alarm_IRQHandler                     0x080001b3   Thumb Code     0  startup_stm32f103xb.o(.text)
    RTC_IRQHandler                           0x080001b3   Thumb Code     0  startup_stm32f103xb.o(.text)
    SPI1_IRQHandler                          0x080001b3   Thumb Code     0  startup_stm32f103xb.o(.text)
    SPI2_IRQHandler                          0x080001b3   Thumb Code     0  startup_stm32f103xb.o(.text)
    TAMPER_IRQHandler                        0x080001b3   Thumb Code     0  startup_stm32f103xb.o(.text)
    TIM1_BRK_IRQHandler                      0x080001b3   Thumb Code     0  startup_stm32f103xb.o(.text)
    TIM1_CC_IRQHandler                       0x080001b3   Thumb Code     0  startup_stm32f103xb.o(.text)
    TIM1_TRG_COM_IRQHandler                  0x080001b3   Thumb Code     0  startup_stm32f103xb.o(.text)
    TIM2_IRQHandler                          0x080001b3   Thumb Code     0  startup_stm32f103xb.o(.text)
    TIM3_IRQHandler                          0x080001b3   Thumb Code     0  startup_stm32f103xb.o(.text)
    TIM4_IRQHandler                          0x080001b3   Thumb Code     0  startup_stm32f103xb.o(.text)
    USART3_IRQHandler                        0x080001b3   Thumb Code     0  startup_stm32f103xb.o(.text)
    USBWakeUp_IRQHandler                     0x080001b3   Thumb Code     0  startup_stm32f103xb.o(.text)
    WWDG_IRQHandler                          0x080001b3   Thumb Code     0  startup_stm32f103xb.o(.text)
    __aeabi_llsr                             0x080001bd   Thumb Code    32  llushr.o(.text)
    _ll_ushift_r                             0x080001bd   Thumb Code     0  llushr.o(.text)
    __aeabi_memcpy                           0x080001dd   Thumb Code    36  memcpya.o(.text)
    __aeabi_memcpy4                          0x080001dd   Thumb Code     0  memcpya.o(.text)
    __aeabi_memcpy8                          0x080001dd   Thumb Code     0  memcpya.o(.text)
    __aeabi_fadd                             0x08000201   Thumb Code   164  fadd.o(.text)
    __aeabi_fsub                             0x080002a5   Thumb Code     6  fadd.o(.text)
    __aeabi_frsub                            0x080002ab   Thumb Code     6  fadd.o(.text)
    __aeabi_fmul                             0x080002b1   Thumb Code   100  fmul.o(.text)
    __aeabi_fdiv                             0x08000315   Thumb Code   124  fdiv.o(.text)
    __ARM_scalbnf                            0x08000391   Thumb Code    24  fscalb.o(.text)
    scalbnf                                  0x08000391   Thumb Code     0  fscalb.o(.text)
    __aeabi_dmul                             0x080003a9   Thumb Code   228  dmul.o(.text)
    __aeabi_ddiv                             0x0800048d   Thumb Code   222  ddiv.o(.text)
    __aeabi_ui2f                             0x0800056b   Thumb Code    10  ffltui.o(.text)
    __aeabi_i2d                              0x08000575   Thumb Code    34  dflti.o(.text)
    __aeabi_f2uiz                            0x08000597   Thumb Code    40  ffixui.o(.text)
    __aeabi_d2uiz                            0x080005bf   Thumb Code    50  dfixui.o(.text)
    __aeabi_f2d                              0x080005f1   Thumb Code    38  f2d.o(.text)
    __I$use$fp                               0x08000617   Thumb Code     0  iusefp.o(.text)
    _float_round                             0x08000617   Thumb Code    18  fepilogue.o(.text)
    _float_epilogue                          0x08000629   Thumb Code    92  fepilogue.o(.text)
    _frnd                                    0x08000685   Thumb Code    60  frnd.o(.text)
    _double_round                            0x080006c1   Thumb Code    30  depilogue.o(.text)
    _double_epilogue                         0x080006df   Thumb Code   156  depilogue.o(.text)
    __scatterload                            0x0800077d   Thumb Code    28  init.o(.text)
    __scatterload_rt2                        0x0800077d   Thumb Code     0  init.o(.text)
    __aeabi_llsl                             0x080007a1   Thumb Code    30  llshl.o(.text)
    _ll_shift_l                              0x080007a1   Thumb Code     0  llshl.o(.text)
    __decompress                             0x080007bf   Thumb Code     0  __dczerorl2.o(.text)
    __decompress1                            0x080007bf   Thumb Code    86  __dczerorl2.o(.text)
    ADC1_2_IRQHandler                        0x08000815   Thumb Code     6  stm32f1xx_it.o(i.ADC1_2_IRQHandler)
    ADC_ConversionStop_Disable               0x08000821   Thumb Code    74  stm32f1xx_hal_adc.o(i.ADC_ConversionStop_Disable)
    ADC_Enable                               0x0800086d   Thumb Code   102  stm32f1xx_hal_adc.o(i.ADC_Enable)
    BusFault_Handler                         0x080008dd   Thumb Code     2  stm32f1xx_it.o(i.BusFault_Handler)
    CDC_Transmit_FS                          0x0800094d   Thumb Code    38  usbd_cdc_if.o(i.CDC_Transmit_FS)
    CRC16_2                                  0x08000979   Thumb Code    44  freertos.o(i.CRC16_2)
    CheckError                               0x080009a5   Thumb Code   300  freertos.o(i.CheckError)
    Check_crc_16                             0x08000add   Thumb Code    52  freertos.o(i.Check_crc_16)
    Check_crc_16_modbus                      0x08000b15   Thumb Code    48  freertos.o(i.Check_crc_16_modbus)
    ClearBuffer                              0x08000b49   Thumb Code    38  freertos.o(i.ClearBuffer)
    Control_Engine_2                         0x08000b75   Thumb Code   222  freertos.o(i.Control_Engine_2)
    DebugMon_Handler                         0x08000c5d   Thumb Code     2  stm32f1xx_it.o(i.DebugMon_Handler)
    Exper_run                                0x08000c61   Thumb Code   532  freertos.o(i.Exper_run)
    FillLiquid                               0x08000e89   Thumb Code   136  freertos.o(i.FillLiquid)
    HAL_ADCEx_InjectedConfigChannel          0x08000f19   Thumb Code   462  stm32f1xx_hal_adc_ex.o(i.HAL_ADCEx_InjectedConfigChannel)
    HAL_ADCEx_InjectedConvCpltCallback       0x080010f5   Thumb Code     2  stm32f1xx_hal_adc_ex.o(i.HAL_ADCEx_InjectedConvCpltCallback)
    HAL_ADCEx_InjectedGetValue               0x080010f7   Thumb Code    30  stm32f1xx_hal_adc_ex.o(i.HAL_ADCEx_InjectedGetValue)
    HAL_ADCEx_InjectedStart_IT               0x08001115   Thumb Code   170  stm32f1xx_hal_adc_ex.o(i.HAL_ADCEx_InjectedStart_IT)
    HAL_ADC_ConfigChannel                    0x080011c9   Thumb Code   240  stm32f1xx_hal_adc.o(i.HAL_ADC_ConfigChannel)
    HAL_ADC_ConvCpltCallback                 0x080012c5   Thumb Code     2  stm32f1xx_hal_adc.o(i.HAL_ADC_ConvCpltCallback)
    HAL_ADC_IRQHandler                       0x080012c7   Thumb Code   230  stm32f1xx_hal_adc.o(i.HAL_ADC_IRQHandler)
    HAL_ADC_Init                             0x080013ad   Thumb Code   272  stm32f1xx_hal_adc.o(i.HAL_ADC_Init)
    HAL_ADC_LevelOutOfWindowCallback         0x080014c9   Thumb Code     2  stm32f1xx_hal_adc.o(i.HAL_ADC_LevelOutOfWindowCallback)
    HAL_ADC_MspInit                          0x080014cd   Thumb Code    64  adc.o(i.HAL_ADC_MspInit)
    HAL_DMA_Abort_IT                         0x08001519   Thumb Code   148  stm32f1xx_hal_dma.o(i.HAL_DMA_Abort_IT)
    HAL_Delay                                0x080015b1   Thumb Code    32  stm32f1xx_hal.o(i.HAL_Delay)
    HAL_GPIO_Init                            0x080015d5   Thumb Code   422  stm32f1xx_hal_gpio.o(i.HAL_GPIO_Init)
    HAL_GPIO_ReadPin                         0x0800179d   Thumb Code    10  stm32f1xx_hal_gpio.o(i.HAL_GPIO_ReadPin)
    HAL_GPIO_TogglePin                       0x080017a7   Thumb Code     8  stm32f1xx_hal_gpio.o(i.HAL_GPIO_TogglePin)
    HAL_GPIO_WritePin                        0x080017af   Thumb Code    10  stm32f1xx_hal_gpio.o(i.HAL_GPIO_WritePin)
    HAL_GetTick                              0x080017b9   Thumb Code     6  stm32f1xx_hal.o(i.HAL_GetTick)
    HAL_IncTick                              0x080017c5   Thumb Code    12  stm32f1xx_hal.o(i.HAL_IncTick)
    HAL_Init                                 0x080017d5   Thumb Code    32  stm32f1xx_hal.o(i.HAL_Init)
    HAL_InitTick                             0x080017f9   Thumb Code    98  stm32f1xx_hal_timebase_tim.o(i.HAL_InitTick)
    HAL_MspInit                              0x0800186d   Thumb Code   134  stm32f1xx_hal_msp.o(i.HAL_MspInit)
    HAL_NVIC_EnableIRQ                       0x080018fd   Thumb Code    22  stm32f1xx_hal_cortex.o(i.HAL_NVIC_EnableIRQ)
    HAL_NVIC_SetPriority                     0x08001915   Thumb Code    60  stm32f1xx_hal_cortex.o(i.HAL_NVIC_SetPriority)
    HAL_NVIC_SetPriorityGrouping             0x08001955   Thumb Code    26  stm32f1xx_hal_cortex.o(i.HAL_NVIC_SetPriorityGrouping)
    HAL_PCDEx_PMAConfig                      0x08001979   Thumb Code    52  stm32f1xx_hal_pcd_ex.o(i.HAL_PCDEx_PMAConfig)
    HAL_PCDEx_SetConnectionState             0x080019ad   Thumb Code     2  usbd_conf.o(i.HAL_PCDEx_SetConnectionState)
    HAL_PCD_DataInStageCallback              0x080019af   Thumb Code    14  usbd_conf.o(i.HAL_PCD_DataInStageCallback)
    HAL_PCD_DataOutStageCallback             0x080019bd   Thumb Code    16  usbd_conf.o(i.HAL_PCD_DataOutStageCallback)
    HAL_PCD_EP_Close                         0x080019cd   Thumb Code    64  stm32f1xx_hal_pcd.o(i.HAL_PCD_EP_Close)
    HAL_PCD_EP_ClrStall                      0x08001a0d   Thumb Code    72  stm32f1xx_hal_pcd.o(i.HAL_PCD_EP_ClrStall)
    HAL_PCD_EP_GetRxCount                    0x08001a55   Thumb Code    16  stm32f1xx_hal_pcd.o(i.HAL_PCD_EP_GetRxCount)
    HAL_PCD_EP_Open                          0x08001a65   Thumb Code    68  stm32f1xx_hal_pcd.o(i.HAL_PCD_EP_Open)
    HAL_PCD_EP_Receive                       0x08001aa9   Thumb Code    46  stm32f1xx_hal_pcd.o(i.HAL_PCD_EP_Receive)
    HAL_PCD_EP_SetStall                      0x08001ad7   Thumb Code    86  stm32f1xx_hal_pcd.o(i.HAL_PCD_EP_SetStall)
    HAL_PCD_EP_Transmit                      0x08001b2d   Thumb Code    42  stm32f1xx_hal_pcd.o(i.HAL_PCD_EP_Transmit)
    HAL_PCD_IRQHandler                       0x08001b57   Thumb Code   268  stm32f1xx_hal_pcd.o(i.HAL_PCD_IRQHandler)
    HAL_PCD_Init                             0x08001c63   Thumb Code   188  stm32f1xx_hal_pcd.o(i.HAL_PCD_Init)
    HAL_PCD_MspInit                          0x08001d21   Thumb Code    66  usbd_conf.o(i.HAL_PCD_MspInit)
    HAL_PCD_ResetCallback                    0x08001d6d   Thumb Code    26  usbd_conf.o(i.HAL_PCD_ResetCallback)
    HAL_PCD_ResumeCallback                   0x08001d87   Thumb Code     8  usbd_conf.o(i.HAL_PCD_ResumeCallback)
    HAL_PCD_SOFCallback                      0x08001d8f   Thumb Code     8  usbd_conf.o(i.HAL_PCD_SOFCallback)
    HAL_PCD_SetAddress                       0x08001d97   Thumb Code    40  stm32f1xx_hal_pcd.o(i.HAL_PCD_SetAddress)
    HAL_PCD_SetupStageCallback               0x08001dbf   Thumb Code    14  usbd_conf.o(i.HAL_PCD_SetupStageCallback)
    HAL_PCD_Start                            0x08001dcd   Thumb Code    50  stm32f1xx_hal_pcd.o(i.HAL_PCD_Start)
    HAL_PCD_SuspendCallback                  0x08001e01   Thumb Code    30  usbd_conf.o(i.HAL_PCD_SuspendCallback)
    HAL_PWR_EnableBkUpAccess                 0x08001e25   Thumb Code     8  stm32f1xx_hal_pwr.o(i.HAL_PWR_EnableBkUpAccess)
    HAL_RCCEx_GetPeriphCLKFreq               0x08001e31   Thumb Code   164  stm32f1xx_hal_rcc_ex.o(i.HAL_RCCEx_GetPeriphCLKFreq)
    HAL_RCCEx_PeriphCLKConfig                0x08001ef5   Thumb Code   220  stm32f1xx_hal_rcc_ex.o(i.HAL_RCCEx_PeriphCLKConfig)
    HAL_RCC_ClockConfig                      0x08001fdd   Thumb Code   316  stm32f1xx_hal_rcc.o(i.HAL_RCC_ClockConfig)
    HAL_RCC_GetClockConfig                   0x08002129   Thumb Code    54  stm32f1xx_hal_rcc.o(i.HAL_RCC_GetClockConfig)
    HAL_RCC_GetHCLKFreq                      0x08002169   Thumb Code     6  stm32f1xx_hal_rcc.o(i.HAL_RCC_GetHCLKFreq)
    HAL_RCC_GetPCLK1Freq                     0x08002175   Thumb Code    20  stm32f1xx_hal_rcc.o(i.HAL_RCC_GetPCLK1Freq)
    HAL_RCC_GetPCLK2Freq                     0x08002195   Thumb Code    20  stm32f1xx_hal_rcc.o(i.HAL_RCC_GetPCLK2Freq)
    HAL_RCC_GetSysClockFreq                  0x080021b5   Thumb Code    74  stm32f1xx_hal_rcc.o(i.HAL_RCC_GetSysClockFreq)
    HAL_RCC_OscConfig                        0x08002221   Thumb Code   740  stm32f1xx_hal_rcc.o(i.HAL_RCC_OscConfig)
    HAL_RTC_Init                             0x08002519   Thumb Code   154  stm32f1xx_hal_rtc.o(i.HAL_RTC_Init)
    HAL_RTC_MspInit                          0x080025b9   Thumb Code    40  rtc.o(i.HAL_RTC_MspInit)
    HAL_RTC_WaitForSynchro                   0x080025ed   Thumb Code    58  stm32f1xx_hal_rtc.o(i.HAL_RTC_WaitForSynchro)
    HAL_SYSTICK_CLKSourceConfig              0x08002627   Thumb Code    24  stm32f1xx_hal_cortex.o(i.HAL_SYSTICK_CLKSourceConfig)
    HAL_SYSTICK_Config                       0x0800263f   Thumb Code    40  stm32f1xx_hal_cortex.o(i.HAL_SYSTICK_Config)
    HAL_TIMEx_BreakCallback                  0x08002667   Thumb Code     2  stm32f1xx_hal_tim_ex.o(i.HAL_TIMEx_BreakCallback)
    HAL_TIMEx_CommutationCallback            0x08002669   Thumb Code     2  stm32f1xx_hal_tim_ex.o(i.HAL_TIMEx_CommutationCallback)
    HAL_TIM_Base_Init                        0x0800266b   Thumb Code    54  stm32f1xx_hal_tim.o(i.HAL_TIM_Base_Init)
    HAL_TIM_Base_MspInit                     0x080026a1   Thumb Code     2  stm32f1xx_hal_tim.o(i.HAL_TIM_Base_MspInit)
    HAL_TIM_Base_Start_IT                    0x080026a3   Thumb Code    24  stm32f1xx_hal_tim.o(i.HAL_TIM_Base_Start_IT)
    HAL_TIM_IC_CaptureCallback               0x080026bb   Thumb Code     2  stm32f1xx_hal_tim.o(i.HAL_TIM_IC_CaptureCallback)
    HAL_TIM_IRQHandler                       0x080026bd   Thumb Code   358  stm32f1xx_hal_tim.o(i.HAL_TIM_IRQHandler)
    HAL_TIM_OC_DelayElapsedCallback          0x08002823   Thumb Code     2  stm32f1xx_hal_tim.o(i.HAL_TIM_OC_DelayElapsedCallback)
    HAL_TIM_PWM_PulseFinishedCallback        0x08002825   Thumb Code     2  stm32f1xx_hal_tim.o(i.HAL_TIM_PWM_PulseFinishedCallback)
    HAL_TIM_PeriodElapsedCallback            0x08002829   Thumb Code    14  main.o(i.HAL_TIM_PeriodElapsedCallback)
    HAL_TIM_TriggerCallback                  0x0800283d   Thumb Code     2  stm32f1xx_hal_tim.o(i.HAL_TIM_TriggerCallback)
    HAL_UART_ErrorCallback                   0x0800283f   Thumb Code     2  stm32f1xx_hal_uart.o(i.HAL_UART_ErrorCallback)
    HAL_UART_IRQHandler                      0x08002841   Thumb Code   266  stm32f1xx_hal_uart.o(i.HAL_UART_IRQHandler)
    HAL_UART_Init                            0x08002951   Thumb Code    98  stm32f1xx_hal_uart.o(i.HAL_UART_Init)
    HAL_UART_MspInit                         0x080029b5   Thumb Code   158  usart.o(i.HAL_UART_MspInit)
    HAL_UART_Receive_IT                      0x08002a65   Thumb Code    82  stm32f1xx_hal_uart.o(i.HAL_UART_Receive_IT)
    HAL_UART_RxCpltCallback                  0x08002ab9   Thumb Code   104  main.o(i.HAL_UART_RxCpltCallback)
    HAL_UART_Transmit                        0x08002b31   Thumb Code   186  stm32f1xx_hal_uart.o(i.HAL_UART_Transmit)
    HAL_UART_TxCpltCallback                  0x08002beb   Thumb Code     2  stm32f1xx_hal_uart.o(i.HAL_UART_TxCpltCallback)
    HardFault_Handler                        0x08002bed   Thumb Code     2  stm32f1xx_it.o(i.HardFault_Handler)
    MX_ADC1_Init                             0x08002bf1   Thumb Code   140  adc.o(i.MX_ADC1_Init)
    MX_FREERTOS_Init                         0x08002c95   Thumb Code   306  freertos.o(i.MX_FREERTOS_Init)
    MX_GPIO_Init                             0x08002dd5   Thumb Code   134  gpio.o(i.MX_GPIO_Init)
    MX_RTC_Init                              0x08002e69   Thumb Code    42  rtc.o(i.MX_RTC_Init)
    MX_USART1_UART_Init                      0x08002ead   Thumb Code    60  usart.o(i.MX_USART1_UART_Init)
    MX_USART2_UART_Init                      0x08002f01   Thumb Code    52  usart.o(i.MX_USART2_UART_Init)
    MX_USB_DEVICE_Init                       0x08002f4d   Thumb Code    38  usb_device.o(i.MX_USB_DEVICE_Init)
    MemManage_Handler                        0x08002f85   Thumb Code     2  stm32f1xx_it.o(i.MemManage_Handler)
    My_Delay                                 0x08002f89   Thumb Code    90  freertos.o(i.My_Delay)
    My_Emergency                             0x08002fed   Thumb Code    36  freertos.o(i.My_Emergency)
    NMI_Handler                              0x08003015   Thumb Code     2  stm32f1xx_it.o(i.NMI_Handler)
    Read_ADC                                 0x080033e9   Thumb Code    64  freertos.o(i.Read_ADC)
    Read_USB                                 0x08003431   Thumb Code   580  freertos.o(i.Read_USB)
    ReceiveUART1                             0x08003691   Thumb Code   174  freertos.o(i.ReceiveUART1)
    Send_Pressure_RS232                      0x08003751   Thumb Code    42  freertos.o(i.Send_Pressure_RS232)
    Send_UART1                               0x08003785   Thumb Code    88  freertos.o(i.Send_UART1)
    Send_UART2                               0x080037f1   Thumb Code    60  freertos.o(i.Send_UART2)
    Send_USB                                 0x08003839   Thumb Code   712  freertos.o(i.Send_USB)
    StartDefaultTask                         0x08003b0d   Thumb Code   570  freertos.o(i.StartDefaultTask)
    SysTick_Handler                          0x08003d65   Thumb Code     4  stm32f1xx_it.o(i.SysTick_Handler)
    SystemClock_Config                       0x08003d69   Thumb Code   144  main.o(i.SystemClock_Config)
    SystemInit                               0x08003e09   Thumb Code    56  system_stm32f1xx.o(i.SystemInit)
    TIM1_UP_IRQHandler                       0x08003e51   Thumb Code     6  stm32f1xx_it.o(i.TIM1_UP_IRQHandler)
    TIM_Base_SetConfig                       0x08003e5d   Thumb Code    94  stm32f1xx_hal_tim.o(i.TIM_Base_SetConfig)
    USART1_IRQHandler                        0x080041c1   Thumb Code     6  stm32f1xx_it.o(i.USART1_IRQHandler)
    USART2_IRQHandler                        0x080041cd   Thumb Code     6  stm32f1xx_it.o(i.USART2_IRQHandler)
    USBD_CDC_GetDeviceQualifierDescriptor    0x0800427d   Thumb Code     8  usbd_cdc.o(i.USBD_CDC_GetDeviceQualifierDescriptor)
    USBD_CDC_ReceivePacket                   0x08004335   Thumb Code    40  usbd_cdc.o(i.USBD_CDC_ReceivePacket)
    USBD_CDC_RegisterInterface               0x0800435d   Thumb Code    16  usbd_cdc.o(i.USBD_CDC_RegisterInterface)
    USBD_CDC_SetRxBuffer                     0x0800436d   Thumb Code    12  usbd_cdc.o(i.USBD_CDC_SetRxBuffer)
    USBD_CDC_SetTxBuffer                     0x08004379   Thumb Code    16  usbd_cdc.o(i.USBD_CDC_SetTxBuffer)
    USBD_CDC_TransmitPacket                  0x080043f9   Thumb Code    48  usbd_cdc.o(i.USBD_CDC_TransmitPacket)
    USBD_ClrClassConfig                      0x08004429   Thumb Code    14  usbd_core.o(i.USBD_ClrClassConfig)
    USBD_CtlContinueRx                       0x08004437   Thumb Code    16  usbd_ioreq.o(i.USBD_CtlContinueRx)
    USBD_CtlContinueSendData                 0x08004447   Thumb Code    16  usbd_ioreq.o(i.USBD_CtlContinueSendData)
    USBD_CtlError                            0x08004457   Thumb Code    22  usbd_ctlreq.o(i.USBD_CtlError)
    USBD_CtlPrepareRx                        0x0800446d   Thumb Code    30  usbd_ioreq.o(i.USBD_CtlPrepareRx)
    USBD_CtlReceiveStatus                    0x0800448b   Thumb Code    22  usbd_ioreq.o(i.USBD_CtlReceiveStatus)
    USBD_CtlSendData                         0x080044a1   Thumb Code    26  usbd_ioreq.o(i.USBD_CtlSendData)
    USBD_CtlSendStatus                       0x080044bb   Thumb Code    22  usbd_ioreq.o(i.USBD_CtlSendStatus)
    USBD_FS_ConfigStrDescriptor              0x080044d1   Thumb Code    16  usbd_desc.o(i.USBD_FS_ConfigStrDescriptor)
    USBD_FS_DeviceDescriptor                 0x080044f1   Thumb Code     8  usbd_desc.o(i.USBD_FS_DeviceDescriptor)
    USBD_FS_InterfaceStrDescriptor           0x080044fd   Thumb Code    16  usbd_desc.o(i.USBD_FS_InterfaceStrDescriptor)
    USBD_FS_LangIDStrDescriptor              0x08004521   Thumb Code     8  usbd_desc.o(i.USBD_FS_LangIDStrDescriptor)
    USBD_FS_ManufacturerStrDescriptor        0x0800452d   Thumb Code    16  usbd_desc.o(i.USBD_FS_ManufacturerStrDescriptor)
    USBD_FS_ProductStrDescriptor             0x08004555   Thumb Code    16  usbd_desc.o(i.USBD_FS_ProductStrDescriptor)
    USBD_FS_SerialStrDescriptor              0x08004581   Thumb Code    16  usbd_desc.o(i.USBD_FS_SerialStrDescriptor)
    USBD_GetString                           0x08004685   Thumb Code    70  usbd_ctlreq.o(i.USBD_GetString)
    USBD_Init                                0x080046cb   Thumb Code    42  usbd_core.o(i.USBD_Init)
    USBD_LL_ClearStallEP                     0x080046f5   Thumb Code    32  usbd_conf.o(i.USBD_LL_ClearStallEP)
    USBD_LL_CloseEP                          0x08004715   Thumb Code    32  usbd_conf.o(i.USBD_LL_CloseEP)
    USBD_LL_DataInStage                      0x08004735   Thumb Code   170  usbd_core.o(i.USBD_LL_DataInStage)
    USBD_LL_DataOutStage                     0x080047df   Thumb Code   106  usbd_core.o(i.USBD_LL_DataOutStage)
    USBD_LL_GetRxDataSize                    0x08004849   Thumb Code     8  usbd_conf.o(i.USBD_LL_GetRxDataSize)
    USBD_LL_Init                             0x08004851   Thumb Code   126  usbd_conf.o(i.USBD_LL_Init)
    USBD_LL_IsStallEP                        0x080048ed   Thumb Code    28  usbd_conf.o(i.USBD_LL_IsStallEP)
    USBD_LL_OpenEP                           0x08004909   Thumb Code    38  usbd_conf.o(i.USBD_LL_OpenEP)
    USBD_LL_PrepareReceive                   0x0800492f   Thumb Code    32  usbd_conf.o(i.USBD_LL_PrepareReceive)
    USBD_LL_Reset                            0x0800494f   Thumb Code    62  usbd_core.o(i.USBD_LL_Reset)
    USBD_LL_Resume                           0x0800498d   Thumb Code    12  usbd_core.o(i.USBD_LL_Resume)
    USBD_LL_SOF                              0x08004999   Thumb Code    24  usbd_core.o(i.USBD_LL_SOF)
    USBD_LL_SetSpeed                         0x080049b1   Thumb Code     6  usbd_core.o(i.USBD_LL_SetSpeed)
    USBD_LL_SetUSBAddress                    0x080049b7   Thumb Code    32  usbd_conf.o(i.USBD_LL_SetUSBAddress)
    USBD_LL_SetupStage                       0x080049d7   Thumb Code    90  usbd_core.o(i.USBD_LL_SetupStage)
    USBD_LL_StallEP                          0x08004a31   Thumb Code    32  usbd_conf.o(i.USBD_LL_StallEP)
    USBD_LL_Start                            0x08004a51   Thumb Code    32  usbd_conf.o(i.USBD_LL_Start)
    USBD_LL_Suspend                          0x08004a71   Thumb Code    18  usbd_core.o(i.USBD_LL_Suspend)
    USBD_LL_Transmit                         0x08004a83   Thumb Code    32  usbd_conf.o(i.USBD_LL_Transmit)
    USBD_ParseSetupRequest                   0x08004aa3   Thumb Code    40  usbd_ctlreq.o(i.USBD_ParseSetupRequest)
    USBD_RegisterClass                       0x08004acb   Thumb Code    16  usbd_core.o(i.USBD_RegisterClass)
    USBD_SetClassConfig                      0x08004adb   Thumb Code    22  usbd_core.o(i.USBD_SetClassConfig)
    USBD_Start                               0x08004b65   Thumb Code    10  usbd_core.o(i.USBD_Start)
    USBD_StdDevReq                           0x08004b6f   Thumb Code   242  usbd_ctlreq.o(i.USBD_StdDevReq)
    USBD_StdEPReq                            0x08004c61   Thumb Code   220  usbd_ctlreq.o(i.USBD_StdEPReq)
    USBD_StdItfReq                           0x08004d3d   Thumb Code    52  usbd_ctlreq.o(i.USBD_StdItfReq)
    USBD_static_free                         0x08004d71   Thumb Code     2  usbd_conf.o(i.USBD_static_free)
    USBD_static_malloc                       0x08004d75   Thumb Code     4  usbd_conf.o(i.USBD_static_malloc)
    USB_ActivateEndpoint                     0x08004d7d   Thumb Code   594  stm32f1xx_ll_usb.o(i.USB_ActivateEndpoint)
    USB_CoreInit                             0x08004fcf   Thumb Code     4  stm32f1xx_ll_usb.o(i.USB_CoreInit)
    USB_DeactivateEndpoint                   0x08004fd3   Thumb Code   272  stm32f1xx_ll_usb.o(i.USB_DeactivateEndpoint)
    USB_DevConnect                           0x080050e3   Thumb Code     4  stm32f1xx_ll_usb.o(i.USB_DevConnect)
    USB_DevDisconnect                        0x080050e7   Thumb Code     4  stm32f1xx_ll_usb.o(i.USB_DevDisconnect)
    USB_DevInit                              0x080050eb   Thumb Code    30  stm32f1xx_ll_usb.o(i.USB_DevInit)
    USB_DisableGlobalInt                     0x08005109   Thumb Code    14  stm32f1xx_ll_usb.o(i.USB_DisableGlobalInt)
    USB_EP0_OutStart                         0x08005117   Thumb Code     4  stm32f1xx_ll_usb.o(i.USB_EP0_OutStart)
    USB_EPClearStall                         0x0800511b   Thumb Code   106  stm32f1xx_ll_usb.o(i.USB_EPClearStall)
    USB_EPSetStall                           0x08005185   Thumb Code    74  stm32f1xx_ll_usb.o(i.USB_EPSetStall)
    USB_EPStartXfer                          0x080051cf   Thumb Code   422  stm32f1xx_ll_usb.o(i.USB_EPStartXfer)
    USB_EnableGlobalInt                      0x08005375   Thumb Code    14  stm32f1xx_ll_usb.o(i.USB_EnableGlobalInt)
    USB_HP_CAN1_TX_IRQHandler                0x08005385   Thumb Code     6  stm32f1xx_it.o(i.USB_HP_CAN1_TX_IRQHandler)
    USB_LP_CAN1_RX0_IRQHandler               0x08005391   Thumb Code     6  stm32f1xx_it.o(i.USB_LP_CAN1_RX0_IRQHandler)
    USB_ReadInterrupts                       0x0800539d   Thumb Code     6  stm32f1xx_ll_usb.o(i.USB_ReadInterrupts)
    USB_ReadPMA                              0x080053a3   Thumb Code    28  stm32f1xx_ll_usb.o(i.USB_ReadPMA)
    USB_SetCurrentMode                       0x080053bf   Thumb Code     4  stm32f1xx_ll_usb.o(i.USB_SetCurrentMode)
    USB_SetDevAddress                        0x080053c3   Thumb Code    12  stm32f1xx_ll_usb.o(i.USB_SetDevAddress)
    USB_WritePMA                             0x080053cf   Thumb Code    38  stm32f1xx_ll_usb.o(i.USB_WritePMA)
    UsageFault_Handler                       0x080053f5   Thumb Code     2  stm32f1xx_it.o(i.UsageFault_Handler)
    _Error_Handler                           0x080053f9   Thumb Code    18  main.o(i._Error_Handler)
    __scatterload_copy                       0x08005411   Thumb Code    14  handlers.o(i.__scatterload_copy)
    __scatterload_null                       0x0800541f   Thumb Code     2  handlers.o(i.__scatterload_null)
    __scatterload_zeroinit                   0x08005421   Thumb Code    14  handlers.o(i.__scatterload_zeroinit)
    crc_16_ibm                               0x0800542f   Thumb Code    46  freertos.o(i.crc_16_ibm)
    main                                     0x0800545d   Thumb Code    82  main.o(i.main)
    osDelay                                  0x080054cd   Thumb Code    14  cmsis_os.o(i.osDelay)
    osKernelStart                            0x080054db   Thumb Code    10  cmsis_os.o(i.osKernelStart)
    osSystickHandler                         0x080054e5   Thumb Code    20  cmsis_os.o(i.osSystickHandler)
    osThreadCreate                           0x080054f9   Thumb Code    46  cmsis_os.o(i.osThreadCreate)
    pvPortMalloc                             0x08005981   Thumb Code   210  heap_4.o(i.pvPortMalloc)
    pvTaskIncrementMutexHeldCount            0x08005a59   Thumb Code    18  tasks.o(i.pvTaskIncrementMutexHeldCount)
    pxPortInitialiseStack                    0x08005a71   Thumb Code    32  port.o(i.pxPortInitialiseStack)
    roundf                                   0x08005a95   Thumb Code   114  roundf.o(i.roundf)
    uxListRemove                             0x08005b07   Thumb Code    36  list.o(i.uxListRemove)
    vListInitialise                          0x08005b2b   Thumb Code    22  list.o(i.vListInitialise)
    vListInitialiseItem                      0x08005b41   Thumb Code     6  list.o(i.vListInitialiseItem)
    vListInsert                              0x08005b47   Thumb Code    48  list.o(i.vListInsert)
    vListInsertEnd                           0x08005b77   Thumb Code    24  list.o(i.vListInsertEnd)
    vPortEnterCritical                       0x08005b91   Thumb Code    54  port.o(i.vPortEnterCritical)
    vPortExitCritical                        0x08005bd1   Thumb Code    34  port.o(i.vPortExitCritical)
    vPortFree                                0x08005bf9   Thumb Code    88  heap_4.o(i.vPortFree)
    vPortSetupTimerInterrupt                 0x08005c55   Thumb Code    26  port.o(i.vPortSetupTimerInterrupt)
    vPortValidateInterruptPriority           0x08005c75   Thumb Code    74  port.o(i.vPortValidateInterruptPriority)
    vTaskDelay                               0x08005cc9   Thumb Code    66  tasks.o(i.vTaskDelay)
    vTaskMissedYield                         0x08005d15   Thumb Code     8  tasks.o(i.vTaskMissedYield)
    vTaskPlaceOnEventList                    0x08005d21   Thumb Code    44  tasks.o(i.vTaskPlaceOnEventList)
    vTaskPriorityInherit                     0x08005d51   Thumb Code   124  tasks.o(i.vTaskPriorityInherit)
    vTaskSetTimeOutState                     0x08005dd5   Thumb Code    30  tasks.o(i.vTaskSetTimeOutState)
    vTaskStartScheduler                      0x08005df9   Thumb Code    86  tasks.o(i.vTaskStartScheduler)
    vTaskSuspendAll                          0x08005e61   Thumb Code    10  tasks.o(i.vTaskSuspendAll)
    vTaskSwitchContext                       0x08005e71   Thumb Code    82  tasks.o(i.vTaskSwitchContext)
    xPortStartScheduler                      0x08005ecd   Thumb Code   108  port.o(i.xPortStartScheduler)
    xPortSysTickHandler                      0x08005f45   Thumb Code    38  port.o(i.xPortSysTickHandler)
    xQueueGenericCreate                      0x08005f71   Thumb Code    72  queue.o(i.xQueueGenericCreate)
    xQueueGenericReceive                     0x08005fb9   Thumb Code   362  queue.o(i.xQueueGenericReceive)
    xQueueGenericReset                       0x08006129   Thumb Code   132  queue.o(i.xQueueGenericReset)
    xQueueGenericSend                        0x080061b1   Thumb Code   350  queue.o(i.xQueueGenericSend)
    xQueueGenericSendFromISR                 0x08006315   Thumb Code   188  queue.o(i.xQueueGenericSendFromISR)
    xTaskCheckForTimeOut                     0x080063d1   Thumb Code   102  tasks.o(i.xTaskCheckForTimeOut)
    xTaskCreate                              0x0800643d   Thumb Code    86  tasks.o(i.xTaskCreate)
    xTaskGetSchedulerState                   0x08006495   Thumb Code    22  tasks.o(i.xTaskGetSchedulerState)
    xTaskIncrementTick                       0x080064b1   Thumb Code   192  tasks.o(i.xTaskIncrementTick)
    xTaskPriorityDisinherit                  0x08006579   Thumb Code   144  tasks.o(i.xTaskPriorityDisinherit)
    xTaskRemoveFromEventList                 0x08006611   Thumb Code   108  tasks.o(i.xTaskRemoveFromEventList)
    xTaskResumeAll                           0x08006685   Thumb Code   182  tasks.o(i.xTaskResumeAll)
    AHBPrescTable                            0x08006810   Data          16  system_stm32f1xx.o(.constdata)
    APBPrescTable                            0x08006820   Data           8  system_stm32f1xx.o(.constdata)
    Region$$Table$$Base                      0x080068a0   Number         0  anon$$obj.o(Region$$Table)
    Region$$Table$$Limit                     0x080068c0   Number         0  anon$$obj.o(Region$$Table)
    uwTickFreq                               0x20000000   Data           1  stm32f1xx_hal.o(.data)
    uwTickPrio                               0x20000004   Data           4  stm32f1xx_hal.o(.data)
    uwTick                                   0x20000008   Data           4  stm32f1xx_hal.o(.data)
    rx1_uart_counter                         0x2000000c   Data           2  main.o(.data)
    UART1_Rx_Que                             0x20000010   Data           4  main.o(.data)
    xStatus_Rx_UART1                         0x20000014   Data           4  main.o(.data)
    rx2_byte                                 0x20000018   Data           4  main.o(.data)
    test_i                                   0x2000001c   Data           1  freertos.o(.data)
    temperature                              0x2000001d   Data           1  freertos.o(.data)
    liquid_level                             0x2000001e   Data           1  freertos.o(.data)
    TransmitStatusUART1                      0x2000001f   Data           1  freertos.o(.data)
    TransmitStatusUART2                      0x20000020   Data           1  freertos.o(.data)
    Engine_1_State                           0x20000021   Data           1  freertos.o(.data)
    Engine_2_StateStart                      0x20000022   Data           1  freertos.o(.data)
    Engine_2_StateStop                       0x20000023   Data           1  freertos.o(.data)
    Engine_2_StateReverse                    0x20000024   Data           1  freertos.o(.data)
    Klapan_6_State                           0x20000025   Data           1  freertos.o(.data)
    TransmitStatusUSB                        0x20000026   Data           1  freertos.o(.data)
    i                                        0x20000027   Data           1  freertos.o(.data)
    new_message_flag                         0x20000028   Data           1  freertos.o(.data)
    hello                                    0x20000029   Data           1  freertos.o(.data)
    book_load                                0x2000002a   Data           1  freertos.o(.data)
    param_load                               0x2000002b   Data           1  freertos.o(.data)
    exper_run                                0x2000002c   Data           1  freertos.o(.data)
    i_exper                                  0x2000002d   Data           1  freertos.o(.data)
    error_status                             0x2000002e   Data           1  freertos.o(.data)
    error_status_buf                         0x2000002f   Data           1  freertos.o(.data)
    Engine_2_Command                         0x20000030   Data           1  freertos.o(.data)
    request_answer                           0x20000031   Data           1  freertos.o(.data)
    request_data                             0x20000032   Data           1  freertos.o(.data)
    hearth_bit_answer                        0x20000033   Data           1  freertos.o(.data)
    old_hearth_bit_answer                    0x20000034   Data           1  freertos.o(.data)
    flag_operator_stop                       0x20000035   Data           1  freertos.o(.data)
    flag_emergency_mode                      0x20000036   Data           1  freertos.o(.data)
    h_min                                    0x20000037   Data           1  freertos.o(.data)
    h_max_1                                  0x20000038   Data           1  freertos.o(.data)
    h_max_2                                  0x20000039   Data           1  freertos.o(.data)
    h_max                                    0x2000003a   Data           1  freertos.o(.data)
    miss_communication_count                 0x2000003b   Data           1  freertos.o(.data)
    new_message_flag_uart                    0x2000003c   Data           1  freertos.o(.data)
    zetlab_not_connected                     0x2000003d   Data           1  freertos.o(.data)
    pressure_not_connected                   0x2000003e   Data           1  freertos.o(.data)
    moment                                   0x20000040   Data           2  freertos.o(.data)
    pressure                                 0x20000042   Data           2  freertos.o(.data)
    len_tx1_buffer                           0x20000044   Data           2  freertos.o(.data)
    len_tx2_buffer                           0x20000046   Data           2  freertos.o(.data)
    time_emergency_mode                      0x20000048   Data           2  freertos.o(.data)
    book_len_p1                              0x2000004a   Data           2  freertos.o(.data)
    book_len_p2                              0x2000004c   Data           2  freertos.o(.data)
    book_len                                 0x2000004e   Data           2  freertos.o(.data)
    my_crc                                   0x20000050   Data           2  freertos.o(.data)
    exper_time                               0x20000052   Data           2  freertos.o(.data)
    p_value_rs232                            0x20000054   Data           2  freertos.o(.data)
    rx1_message_count                        0x20000056   Data           2  freertos.o(.data)
    zetlab_wait_answer                       0x20000058   Data           2  freertos.o(.data)
    pressure_wait_answer                     0x2000005a   Data           2  freertos.o(.data)
    Hearth_Bit                               0x2000005c   Data           2  freertos.o(.data)
    cl_i                                     0x2000005e   Data           2  freertos.o(.data)
    control_crc16                            0x20000060   Data           2  freertos.o(.data)
    bytes                                    0x20000062   Data           4  freertos.o(.data)
    liquid_level_sensor                      0x20000068   Data           4  freertos.o(.data)
    sum_liquid_level_sensor                  0x2000006c   Data           4  freertos.o(.data)
    true_liquid_level_sensor                 0x20000070   Data           4  freertos.o(.data)
    temp_sensor                              0x20000074   Data           4  freertos.o(.data)
    sum_temp_sensor                          0x20000078   Data           4  freertos.o(.data)
    true_temp_sensor                         0x2000007c   Data           4  freertos.o(.data)
    moment_float                             0x20000080   Data           4  freertos.o(.data)
    sended_pressure                          0x20000084   Data           4  freertos.o(.data)
    defaultTaskHandle                        0x20000088   Data           4  freertos.o(.data)
    myTask02Handle                           0x2000008c   Data           4  freertos.o(.data)
    myTask03Handle                           0x20000090   Data           4  freertos.o(.data)
    myTask04Handle                           0x20000094   Data           4  freertos.o(.data)
    myTask05Handle                           0x20000098   Data           4  freertos.o(.data)
    myTask06Handle                           0x2000009c   Data           4  freertos.o(.data)
    myTask07Handle                           0x200000a0   Data           4  freertos.o(.data)
    myTask08Handle                           0x200000a4   Data           4  freertos.o(.data)
    myTask09Handle                           0x200000a8   Data           4  freertos.o(.data)
    myTask10Handle                           0x200000ac   Data           4  freertos.o(.data)
    UART1_Tx_Que                             0x200000b0   Data           4  freertos.o(.data)
    xStatus_Tx_UART1                         0x200000b4   Data           4  freertos.o(.data)
    UART2_Tx_Que                             0x200000b8   Data           4  freertos.o(.data)
    xStatus_Tx_UART2                         0x200000bc   Data           4  freertos.o(.data)
    key_read                                 0x200000c0   Data           6  freertos.o(.data)
    DataToSendUSB_1                          0x200000c6   Data           8  freertos.o(.data)
    DataToSendUSB_2                          0x200000ce   Data           8  freertos.o(.data)
    book_pressure                            0x200000d6   Data         400  freertos.o(.data)
    book_valve_state                         0x20000266   Data         200  freertos.o(.data)
    book_engine_state                        0x2000032e   Data         200  freertos.o(.data)
    FS_Desc                                  0x200003f8   Data          28  usbd_desc.o(.data)
    USBD_LangIDDesc                          0x20000414   Data           4  usbd_desc.o(.data)
    USBD_FS_DeviceDesc                       0x20000418   Data          18  usbd_desc.o(.data)
    receive_usb_total                        0x2000042a   Data           2  usbd_cdc_if.o(.data)
    received_usb_data_size                   0x2000042c   Data           2  usbd_cdc_if.o(.data)
    USBD_Interface_fops_FS                   0x20000430   Data          16  usbd_cdc_if.o(.data)
    USBD_CDC_CfgHSDesc                       0x20000454   Data          67  usbd_cdc.o(.data)
    USBD_CDC_CfgFSDesc                       0x20000498   Data          67  usbd_cdc.o(.data)
    USBD_CDC_OtherSpeedCfgDesc               0x200004dc   Data          67  usbd_cdc.o(.data)
    USBD_CDC                                 0x20000520   Data          56  usbd_cdc.o(.data)
    SystemCoreClock                          0x20000558   Data           4  system_stm32f1xx.o(.data)
    pxCurrentTCB                             0x20000580   Data           4  tasks.o(.data)
    rx1_byte                                 0x200005bc   Data           9  main.o(.bss)
    hadc1                                    0x200005c8   Data          48  adc.o(.bss)
    tx1_buffer_que                           0x200005f8   Data          10  freertos.o(.bss)
    tx2_buffer_que                           0x20000602   Data          10  freertos.o(.bss)
    tx1_buffer_go                            0x2000060c   Data          10  freertos.o(.bss)
    tx2_buffer_go                            0x20000616   Data          10  freertos.o(.bss)
    DataToSendUSB_all                        0x20000620   Data          24  freertos.o(.bss)
    book_time                                0x20000638   Data         400  freertos.o(.bss)
    rx1_message                              0x200007c8   Data           9  freertos.o(.bss)
    hrtc                                     0x200007d4   Data          20  rtc.o(.bss)
    huart1                                   0x200007e8   Data          64  usart.o(.bss)
    huart2                                   0x20000828   Data          64  usart.o(.bss)
    hUsbDeviceFS                             0x20000868   Data         548  usb_device.o(.bss)
    hpcd_USB_FS                              0x20000cac   Data        1120  usbd_conf.o(.bss)
    USBD_StrDesc                             0x2000110c   Data         512  usbd_desc.o(.bss)
    received_usb_data                        0x2000130c   Data        1000  usbd_cdc_if.o(.bss)
    UserRxBufferFS                           0x200016f4   Data        1000  usbd_cdc_if.o(.bss)
    UserTxBufferFS                           0x20001adc   Data        1000  usbd_cdc_if.o(.bss)
    htim1                                    0x20001ec4   Data          64  stm32f1xx_hal_timebase_tim.o(.bss)
    __initial_sp                             0x200047c8   Data           0  startup_stm32f103xb.o(STACK)



==============================================================================

Memory Map of the image

  Image Entry point : 0x080000ed

  Load Region LR_IROM1 (Base: 0x08000000, Size: 0x00006e7c, Max: 0x00010000, ABSOLUTE, COMPRESSED[0x00006a48])

    Execution Region ER_IROM1 (Base: 0x08000000, Size: 0x000068c0, Max: 0x00010000, ABSOLUTE)

    Base Addr    Size         Type   Attr      Idx    E Section Name        Object

    0x08000000   0x000000ec   Data   RO            3    RESET               startup_stm32f103xb.o
    0x080000ec   0x00000000   Code   RO         5730  * .ARM.Collect$$$$00000000  mc_w.l(entry.o)
    0x080000ec   0x00000004   Code   RO         5761    .ARM.Collect$$$$00000001  mc_w.l(entry2.o)
    0x080000f0   0x00000004   Code   RO         5764    .ARM.Collect$$$$00000004  mc_w.l(entry5.o)
    0x080000f4   0x00000000   Code   RO         5766    .ARM.Collect$$$$00000008  mc_w.l(entry7b.o)
    0x080000f4   0x00000000   Code   RO         5768    .ARM.Collect$$$$0000000A  mc_w.l(entry8b.o)
    0x080000f4   0x00000008   Code   RO         5769    .ARM.Collect$$$$0000000B  mc_w.l(entry9a.o)
    0x080000fc   0x00000000   Code   RO         5771    .ARM.Collect$$$$0000000D  mc_w.l(entry10a.o)
    0x080000fc   0x00000000   Code   RO         5773    .ARM.Collect$$$$0000000F  mc_w.l(entry11a.o)
    0x080000fc   0x00000004   Code   RO         5762    .ARM.Collect$$$$00002712  mc_w.l(entry2.o)
    0x08000100   0x00000096   Code   RO         4723    .emb_text           port.o
    0x08000196   0x00000002   PAD
    0x08000198   0x00000024   Code   RO            4    .text               startup_stm32f103xb.o
    0x080001bc   0x00000020   Code   RO         5733    .text               mc_w.l(llushr.o)
    0x080001dc   0x00000024   Code   RO         5735    .text               mc_w.l(memcpya.o)
    0x08000200   0x000000b0   Code   RO         5739    .text               mf_w.l(fadd.o)
    0x080002b0   0x00000064   Code   RO         5741    .text               mf_w.l(fmul.o)
    0x08000314   0x0000007c   Code   RO         5743    .text               mf_w.l(fdiv.o)
    0x08000390   0x00000018   Code   RO         5745    .text               mf_w.l(fscalb.o)
    0x080003a8   0x000000e4   Code   RO         5747    .text               mf_w.l(dmul.o)
    0x0800048c   0x000000de   Code   RO         5749    .text               mf_w.l(ddiv.o)
    0x0800056a   0x0000000a   Code   RO         5751    .text               mf_w.l(ffltui.o)
    0x08000574   0x00000022   Code   RO         5753    .text               mf_w.l(dflti.o)
    0x08000596   0x00000028   Code   RO         5755    .text               mf_w.l(ffixui.o)
    0x080005be   0x00000032   Code   RO         5757    .text               mf_w.l(dfixui.o)
    0x080005f0   0x00000026   Code   RO         5759    .text               mf_w.l(f2d.o)
    0x08000616   0x00000000   Code   RO         5775    .text               mc_w.l(iusefp.o)
    0x08000616   0x0000006e   Code   RO         5776    .text               mf_w.l(fepilogue.o)
    0x08000684   0x0000003c   Code   RO         5778    .text               mf_w.l(frnd.o)
    0x080006c0   0x000000ba   Code   RO         5780    .text               mf_w.l(depilogue.o)
    0x0800077a   0x00000002   PAD
    0x0800077c   0x00000024   Code   RO         5782    .text               mc_w.l(init.o)
    0x080007a0   0x0000001e   Code   RO         5784    .text               mc_w.l(llshl.o)
    0x080007be   0x00000056   Code   RO         5794    .text               mc_w.l(__dczerorl2.o)
    0x08000814   0x0000000c   Code   RO         4085    i.ADC1_2_IRQHandler  stm32f1xx_it.o
    0x08000820   0x0000004a   Code   RO          589    i.ADC_ConversionStop_Disable  stm32f1xx_hal_adc.o
    0x0800086a   0x00000002   PAD
    0x0800086c   0x00000070   Code   RO          593    i.ADC_Enable        stm32f1xx_hal_adc.o
    0x080008dc   0x00000002   Code   RO         4086    i.BusFault_Handler  stm32f1xx_it.o
    0x080008de   0x00000004   Code   RO         4031    i.CDC_Control_FS    usbd_cdc_if.o
    0x080008e2   0x00000004   Code   RO         4032    i.CDC_DeInit_FS     usbd_cdc_if.o
    0x080008e6   0x00000002   PAD
    0x080008e8   0x00000024   Code   RO         4033    i.CDC_Init_FS       usbd_cdc_if.o
    0x0800090c   0x00000040   Code   RO         4034    i.CDC_Receive_FS    usbd_cdc_if.o
    0x0800094c   0x0000002c   Code   RO         4035    i.CDC_Transmit_FS   usbd_cdc_if.o
    0x08000978   0x0000002c   Code   RO         3432    i.CRC16_2           freertos.o
    0x080009a4   0x00000138   Code   RO         3433    i.CheckError        freertos.o
    0x08000adc   0x00000038   Code   RO         3434    i.Check_crc_16      freertos.o
    0x08000b14   0x00000034   Code   RO         3435    i.Check_crc_16_modbus  freertos.o
    0x08000b48   0x0000002c   Code   RO         3436    i.ClearBuffer       freertos.o
    0x08000b74   0x000000e8   Code   RO         3437    i.Control_Engine_2  freertos.o
    0x08000c5c   0x00000002   Code   RO         4087    i.DebugMon_Handler  stm32f1xx_it.o
    0x08000c5e   0x00000002   PAD
    0x08000c60   0x00000228   Code   RO         3438    i.Exper_run         freertos.o
    0x08000e88   0x00000090   Code   RO         3439    i.FillLiquid        freertos.o
    0x08000f18   0x000001dc   Code   RO          770    i.HAL_ADCEx_InjectedConfigChannel  stm32f1xx_hal_adc_ex.o
    0x080010f4   0x00000002   Code   RO          771    i.HAL_ADCEx_InjectedConvCpltCallback  stm32f1xx_hal_adc_ex.o
    0x080010f6   0x0000001e   Code   RO          772    i.HAL_ADCEx_InjectedGetValue  stm32f1xx_hal_adc_ex.o
    0x08001114   0x000000b4   Code   RO          775    i.HAL_ADCEx_InjectedStart_IT  stm32f1xx_hal_adc_ex.o
    0x080011c8   0x000000fc   Code   RO          595    i.HAL_ADC_ConfigChannel  stm32f1xx_hal_adc.o
    0x080012c4   0x00000002   Code   RO          596    i.HAL_ADC_ConvCpltCallback  stm32f1xx_hal_adc.o
    0x080012c6   0x000000e6   Code   RO          603    i.HAL_ADC_IRQHandler  stm32f1xx_hal_adc.o
    0x080013ac   0x0000011c   Code   RO          604    i.HAL_ADC_Init      stm32f1xx_hal_adc.o
    0x080014c8   0x00000002   Code   RO          605    i.HAL_ADC_LevelOutOfWindowCallback  stm32f1xx_hal_adc.o
    0x080014ca   0x00000002   PAD
    0x080014cc   0x0000004c   Code   RO         3391    i.HAL_ADC_MspInit   adc.o
    0x08001518   0x00000098   Code   RO         2692    i.HAL_DMA_Abort_IT  stm32f1xx_hal_dma.o
    0x080015b0   0x00000024   Code   RO         2334    i.HAL_Delay         stm32f1xx_hal.o
    0x080015d4   0x000001c8   Code   RO         2627    i.HAL_GPIO_Init     stm32f1xx_hal_gpio.o
    0x0800179c   0x0000000a   Code   RO         2629    i.HAL_GPIO_ReadPin  stm32f1xx_hal_gpio.o
    0x080017a6   0x00000008   Code   RO         2630    i.HAL_GPIO_TogglePin  stm32f1xx_hal_gpio.o
    0x080017ae   0x0000000a   Code   RO         2631    i.HAL_GPIO_WritePin  stm32f1xx_hal_gpio.o
    0x080017b8   0x0000000c   Code   RO         2338    i.HAL_GetTick       stm32f1xx_hal.o
    0x080017c4   0x00000010   Code   RO         2342    i.HAL_IncTick       stm32f1xx_hal.o
    0x080017d4   0x00000024   Code   RO         2343    i.HAL_Init          stm32f1xx_hal.o
    0x080017f8   0x00000074   Code   RO         4209    i.HAL_InitTick      stm32f1xx_hal_timebase_tim.o
    0x0800186c   0x00000090   Code   RO         4185    i.HAL_MspInit       stm32f1xx_hal_msp.o
    0x080018fc   0x00000016   Code   RO         2787    i.HAL_NVIC_EnableIRQ  stm32f1xx_hal_cortex.o
    0x08001912   0x00000002   PAD
    0x08001914   0x00000040   Code   RO         2793    i.HAL_NVIC_SetPriority  stm32f1xx_hal_cortex.o
    0x08001954   0x00000024   Code   RO         2794    i.HAL_NVIC_SetPriorityGrouping  stm32f1xx_hal_cortex.o
    0x08001978   0x00000034   Code   RO          367    i.HAL_PCDEx_PMAConfig  stm32f1xx_hal_pcd_ex.o
    0x080019ac   0x00000002   Code   RO         3756    i.HAL_PCDEx_SetConnectionState  usbd_conf.o
    0x080019ae   0x0000000e   Code   RO         3758    i.HAL_PCD_DataInStageCallback  usbd_conf.o
    0x080019bc   0x00000010   Code   RO         3759    i.HAL_PCD_DataOutStageCallback  usbd_conf.o
    0x080019cc   0x00000040   Code   RO          161    i.HAL_PCD_EP_Close  stm32f1xx_hal_pcd.o
    0x08001a0c   0x00000048   Code   RO          162    i.HAL_PCD_EP_ClrStall  stm32f1xx_hal_pcd.o
    0x08001a54   0x00000010   Code   RO          164    i.HAL_PCD_EP_GetRxCount  stm32f1xx_hal_pcd.o
    0x08001a64   0x00000044   Code   RO          165    i.HAL_PCD_EP_Open   stm32f1xx_hal_pcd.o
    0x08001aa8   0x0000002e   Code   RO          166    i.HAL_PCD_EP_Receive  stm32f1xx_hal_pcd.o
    0x08001ad6   0x00000056   Code   RO          167    i.HAL_PCD_EP_SetStall  stm32f1xx_hal_pcd.o
    0x08001b2c   0x0000002a   Code   RO          168    i.HAL_PCD_EP_Transmit  stm32f1xx_hal_pcd.o
    0x08001b56   0x0000010c   Code   RO          170    i.HAL_PCD_IRQHandler  stm32f1xx_hal_pcd.o
    0x08001c62   0x000000bc   Code   RO          173    i.HAL_PCD_Init      stm32f1xx_hal_pcd.o
    0x08001d1e   0x00000002   PAD
    0x08001d20   0x0000004c   Code   RO         3764    i.HAL_PCD_MspInit   usbd_conf.o
    0x08001d6c   0x0000001a   Code   RO         3765    i.HAL_PCD_ResetCallback  usbd_conf.o
    0x08001d86   0x00000008   Code   RO         3766    i.HAL_PCD_ResumeCallback  usbd_conf.o
    0x08001d8e   0x00000008   Code   RO         3767    i.HAL_PCD_SOFCallback  usbd_conf.o
    0x08001d96   0x00000028   Code   RO          179    i.HAL_PCD_SetAddress  stm32f1xx_hal_pcd.o
    0x08001dbe   0x0000000e   Code   RO         3768    i.HAL_PCD_SetupStageCallback  usbd_conf.o
    0x08001dcc   0x00000032   Code   RO          181    i.HAL_PCD_Start     stm32f1xx_hal_pcd.o
    0x08001dfe   0x00000002   PAD
    0x08001e00   0x00000024   Code   RO         3769    i.HAL_PCD_SuspendCallback  usbd_conf.o
    0x08001e24   0x0000000c   Code   RO         2909    i.HAL_PWR_EnableBkUpAccess  stm32f1xx_hal_pwr.o
    0x08001e30   0x000000c4   Code   RO         2589    i.HAL_RCCEx_GetPeriphCLKFreq  stm32f1xx_hal_rcc_ex.o
    0x08001ef4   0x000000e8   Code   RO         2590    i.HAL_RCCEx_PeriphCLKConfig  stm32f1xx_hal_rcc_ex.o
    0x08001fdc   0x0000014c   Code   RO         2487    i.HAL_RCC_ClockConfig  stm32f1xx_hal_rcc.o
    0x08002128   0x00000040   Code   RO         2491    i.HAL_RCC_GetClockConfig  stm32f1xx_hal_rcc.o
    0x08002168   0x0000000c   Code   RO         2492    i.HAL_RCC_GetHCLKFreq  stm32f1xx_hal_rcc.o
    0x08002174   0x00000020   Code   RO         2494    i.HAL_RCC_GetPCLK1Freq  stm32f1xx_hal_rcc.o
    0x08002194   0x00000020   Code   RO         2495    i.HAL_RCC_GetPCLK2Freq  stm32f1xx_hal_rcc.o
    0x080021b4   0x0000006c   Code   RO         2496    i.HAL_RCC_GetSysClockFreq  stm32f1xx_hal_rcc.o
    0x08002220   0x000002f8   Code   RO         2499    i.HAL_RCC_OscConfig  stm32f1xx_hal_rcc.o
    0x08002518   0x000000a0   Code   RO          873    i.HAL_RTC_Init      stm32f1xx_hal_rtc.o
    0x080025b8   0x00000034   Code   RO         3630    i.HAL_RTC_MspInit   rtc.o
    0x080025ec   0x0000003a   Code   RO          881    i.HAL_RTC_WaitForSynchro  stm32f1xx_hal_rtc.o
    0x08002626   0x00000018   Code   RO         2796    i.HAL_SYSTICK_CLKSourceConfig  stm32f1xx_hal_cortex.o
    0x0800263e   0x00000028   Code   RO         2798    i.HAL_SYSTICK_Config  stm32f1xx_hal_cortex.o
    0x08002666   0x00000002   Code   RO         1768    i.HAL_TIMEx_BreakCallback  stm32f1xx_hal_tim_ex.o
    0x08002668   0x00000002   Code   RO         1769    i.HAL_TIMEx_CommutationCallback  stm32f1xx_hal_tim_ex.o
    0x0800266a   0x00000036   Code   RO         1139    i.HAL_TIM_Base_Init  stm32f1xx_hal_tim.o
    0x080026a0   0x00000002   Code   RO         1141    i.HAL_TIM_Base_MspInit  stm32f1xx_hal_tim.o
    0x080026a2   0x00000018   Code   RO         1144    i.HAL_TIM_Base_Start_IT  stm32f1xx_hal_tim.o
    0x080026ba   0x00000002   Code   RO         1168    i.HAL_TIM_IC_CaptureCallback  stm32f1xx_hal_tim.o
    0x080026bc   0x00000166   Code   RO         1181    i.HAL_TIM_IRQHandler  stm32f1xx_hal_tim.o
    0x08002822   0x00000002   Code   RO         1184    i.HAL_TIM_OC_DelayElapsedCallback  stm32f1xx_hal_tim.o
    0x08002824   0x00000002   Code   RO         1211    i.HAL_TIM_PWM_PulseFinishedCallback  stm32f1xx_hal_tim.o
    0x08002826   0x00000002   PAD
    0x08002828   0x00000014   Code   RO         3215    i.HAL_TIM_PeriodElapsedCallback  main.o
    0x0800283c   0x00000002   Code   RO         1222    i.HAL_TIM_TriggerCallback  stm32f1xx_hal_tim.o
    0x0800283e   0x00000002   Code   RO         2022    i.HAL_UART_ErrorCallback  stm32f1xx_hal_uart.o
    0x08002840   0x00000110   Code   RO         2025    i.HAL_UART_IRQHandler  stm32f1xx_hal_uart.o
    0x08002950   0x00000062   Code   RO         2026    i.HAL_UART_Init     stm32f1xx_hal_uart.o
    0x080029b2   0x00000002   PAD
    0x080029b4   0x000000b0   Code   RO         3672    i.HAL_UART_MspInit  usart.o
    0x08002a64   0x00000052   Code   RO         2031    i.HAL_UART_Receive_IT  stm32f1xx_hal_uart.o
    0x08002ab6   0x00000002   PAD
    0x08002ab8   0x00000078   Code   RO         3216    i.HAL_UART_RxCpltCallback  main.o
    0x08002b30   0x000000ba   Code   RO         2034    i.HAL_UART_Transmit  stm32f1xx_hal_uart.o
    0x08002bea   0x00000002   Code   RO         2037    i.HAL_UART_TxCpltCallback  stm32f1xx_hal_uart.o
    0x08002bec   0x00000002   Code   RO         4088    i.HardFault_Handler  stm32f1xx_it.o
    0x08002bee   0x00000002   PAD
    0x08002bf0   0x000000a4   Code   RO         3392    i.MX_ADC1_Init      adc.o
    0x08002c94   0x00000140   Code   RO         3440    i.MX_FREERTOS_Init  freertos.o
    0x08002dd4   0x00000094   Code   RO         3366    i.MX_GPIO_Init      gpio.o
    0x08002e68   0x00000044   Code   RO         3631    i.MX_RTC_Init       rtc.o
    0x08002eac   0x00000054   Code   RO         3673    i.MX_USART1_UART_Init  usart.o
    0x08002f00   0x0000004c   Code   RO         3674    i.MX_USART2_UART_Init  usart.o
    0x08002f4c   0x00000038   Code   RO         3719    i.MX_USB_DEVICE_Init  usb_device.o
    0x08002f84   0x00000002   Code   RO         4089    i.MemManage_Handler  stm32f1xx_it.o
    0x08002f86   0x00000002   PAD
    0x08002f88   0x00000064   Code   RO         3441    i.My_Delay          freertos.o
    0x08002fec   0x00000028   Code   RO         3442    i.My_Emergency      freertos.o
    0x08003014   0x00000002   Code   RO         4090    i.NMI_Handler       stm32f1xx_it.o
    0x08003016   0x00000020   Code   RO         2800    i.NVIC_SetPriority  stm32f1xx_hal_cortex.o
    0x08003036   0x00000348   Code   RO          184    i.PCD_EP_ISR_Handler  stm32f1xx_hal_pcd.o
    0x0800337e   0x00000034   Code   RO          885    i.RTC_EnterInitMode  stm32f1xx_hal_rtc.o
    0x080033b2   0x00000034   Code   RO          886    i.RTC_ExitInitMode  stm32f1xx_hal_rtc.o
    0x080033e6   0x00000002   PAD
    0x080033e8   0x00000048   Code   RO         3443    i.Read_ADC          freertos.o
    0x08003430   0x00000260   Code   RO         3444    i.Read_USB          freertos.o
    0x08003690   0x000000c0   Code   RO         3445    i.ReceiveUART1      freertos.o
    0x08003750   0x00000034   Code   RO         3446    i.Send_Pressure_RS232  freertos.o
    0x08003784   0x0000006c   Code   RO         3447    i.Send_UART1        freertos.o
    0x080037f0   0x00000048   Code   RO         3448    i.Send_UART2        freertos.o
    0x08003838   0x000002d4   Code   RO         3449    i.Send_USB          freertos.o
    0x08003b0c   0x00000258   Code   RO         3450    i.StartDefaultTask  freertos.o
    0x08003d64   0x00000004   Code   RO         4091    i.SysTick_Handler   stm32f1xx_it.o
    0x08003d68   0x000000a0   Code   RO         3217    i.SystemClock_Config  main.o
    0x08003e08   0x00000048   Code   RO         4619    i.SystemInit        system_stm32f1xx.o
    0x08003e50   0x0000000c   Code   RO         4092    i.TIM1_UP_IRQHandler  stm32f1xx_it.o
    0x08003e5c   0x0000006c   Code   RO         1223    i.TIM_Base_SetConfig  stm32f1xx_hal_tim.o
    0x08003ec8   0x00000010   Code   RO         2039    i.UART_DMAAbortOnError  stm32f1xx_hal_uart.o
    0x08003ed8   0x0000001c   Code   RO         2049    i.UART_EndRxTransfer  stm32f1xx_hal_uart.o
    0x08003ef4   0x00000096   Code   RO         2051    i.UART_Receive_IT   stm32f1xx_hal_uart.o
    0x08003f8a   0x00000002   PAD
    0x08003f8c   0x00000170   Code   RO         2052    i.UART_SetConfig    stm32f1xx_hal_uart.o
    0x080040fc   0x00000062   Code   RO         2053    i.UART_Transmit_IT  stm32f1xx_hal_uart.o
    0x0800415e   0x00000062   Code   RO         2054    i.UART_WaitOnFlagUntilTimeout  stm32f1xx_hal_uart.o
    0x080041c0   0x0000000c   Code   RO         4093    i.USART1_IRQHandler  stm32f1xx_it.o
    0x080041cc   0x0000000c   Code   RO         4094    i.USART2_IRQHandler  stm32f1xx_it.o
    0x080041d8   0x00000014   Code   RO         4512    i.USBD_CDC_DataIn   usbd_cdc.o
    0x080041ec   0x0000002e   Code   RO         4513    i.USBD_CDC_DataOut  usbd_cdc.o
    0x0800421a   0x0000003c   Code   RO         4514    i.USBD_CDC_DeInit   usbd_cdc.o
    0x08004256   0x00000024   Code   RO         4515    i.USBD_CDC_EP0_RxReady  usbd_cdc.o
    0x0800427a   0x00000002   PAD
    0x0800427c   0x0000000c   Code   RO         4516    i.USBD_CDC_GetDeviceQualifierDescriptor  usbd_cdc.o
    0x08004288   0x0000000c   Code   RO         4517    i.USBD_CDC_GetFSCfgDesc  usbd_cdc.o
    0x08004294   0x0000000c   Code   RO         4518    i.USBD_CDC_GetHSCfgDesc  usbd_cdc.o
    0x080042a0   0x0000000c   Code   RO         4519    i.USBD_CDC_GetOtherSpeedCfgDesc  usbd_cdc.o
    0x080042ac   0x00000088   Code   RO         4520    i.USBD_CDC_Init     usbd_cdc.o
    0x08004334   0x00000028   Code   RO         4521    i.USBD_CDC_ReceivePacket  usbd_cdc.o
    0x0800435c   0x00000010   Code   RO         4522    i.USBD_CDC_RegisterInterface  usbd_cdc.o
    0x0800436c   0x0000000c   Code   RO         4523    i.USBD_CDC_SetRxBuffer  usbd_cdc.o
    0x08004378   0x00000010   Code   RO         4524    i.USBD_CDC_SetTxBuffer  usbd_cdc.o
    0x08004388   0x00000070   Code   RO         4525    i.USBD_CDC_Setup    usbd_cdc.o
    0x080043f8   0x00000030   Code   RO         4526    i.USBD_CDC_TransmitPacket  usbd_cdc.o
    0x08004428   0x0000000e   Code   RO         4249    i.USBD_ClrClassConfig  usbd_core.o
    0x08004436   0x00000010   Code   RO         4452    i.USBD_CtlContinueRx  usbd_ioreq.o
    0x08004446   0x00000010   Code   RO         4453    i.USBD_CtlContinueSendData  usbd_ioreq.o
    0x08004456   0x00000016   Code   RO         4387    i.USBD_CtlError     usbd_ctlreq.o
    0x0800446c   0x0000001e   Code   RO         4454    i.USBD_CtlPrepareRx  usbd_ioreq.o
    0x0800448a   0x00000016   Code   RO         4455    i.USBD_CtlReceiveStatus  usbd_ioreq.o
    0x080044a0   0x0000001a   Code   RO         4456    i.USBD_CtlSendData  usbd_ioreq.o
    0x080044ba   0x00000016   Code   RO         4457    i.USBD_CtlSendStatus  usbd_ioreq.o
    0x080044d0   0x00000020   Code   RO         3963    i.USBD_FS_ConfigStrDescriptor  usbd_desc.o
    0x080044f0   0x0000000c   Code   RO         3964    i.USBD_FS_DeviceDescriptor  usbd_desc.o
    0x080044fc   0x00000024   Code   RO         3965    i.USBD_FS_InterfaceStrDescriptor  usbd_desc.o
    0x08004520   0x0000000c   Code   RO         3966    i.USBD_FS_LangIDStrDescriptor  usbd_desc.o
    0x0800452c   0x00000028   Code   RO         3967    i.USBD_FS_ManufacturerStrDescriptor  usbd_desc.o
    0x08004554   0x0000002c   Code   RO         3968    i.USBD_FS_ProductStrDescriptor  usbd_desc.o
    0x08004580   0x00000024   Code   RO         3969    i.USBD_FS_SerialStrDescriptor  usbd_desc.o
    0x080045a4   0x000000e0   Code   RO         4388    i.USBD_GetDescriptor  usbd_ctlreq.o
    0x08004684   0x00000046   Code   RO         4389    i.USBD_GetString    usbd_ctlreq.o
    0x080046ca   0x0000002a   Code   RO         4251    i.USBD_Init         usbd_core.o
    0x080046f4   0x00000020   Code   RO         3770    i.USBD_LL_ClearStallEP  usbd_conf.o
    0x08004714   0x00000020   Code   RO         3771    i.USBD_LL_CloseEP   usbd_conf.o
    0x08004734   0x000000aa   Code   RO         4252    i.USBD_LL_DataInStage  usbd_core.o
    0x080047de   0x0000006a   Code   RO         4253    i.USBD_LL_DataOutStage  usbd_core.o
    0x08004848   0x00000008   Code   RO         3775    i.USBD_LL_GetRxDataSize  usbd_conf.o
    0x08004850   0x0000009c   Code   RO         3776    i.USBD_LL_Init      usbd_conf.o
    0x080048ec   0x0000001c   Code   RO         3777    i.USBD_LL_IsStallEP  usbd_conf.o
    0x08004908   0x00000026   Code   RO         3778    i.USBD_LL_OpenEP    usbd_conf.o
    0x0800492e   0x00000020   Code   RO         3779    i.USBD_LL_PrepareReceive  usbd_conf.o
    0x0800494e   0x0000003e   Code   RO         4258    i.USBD_LL_Reset     usbd_core.o
    0x0800498c   0x0000000c   Code   RO         4259    i.USBD_LL_Resume    usbd_core.o
    0x08004998   0x00000018   Code   RO         4260    i.USBD_LL_SOF       usbd_core.o
    0x080049b0   0x00000006   Code   RO         4261    i.USBD_LL_SetSpeed  usbd_core.o
    0x080049b6   0x00000020   Code   RO         3780    i.USBD_LL_SetUSBAddress  usbd_conf.o
    0x080049d6   0x0000005a   Code   RO         4262    i.USBD_LL_SetupStage  usbd_core.o
    0x08004a30   0x00000020   Code   RO         3781    i.USBD_LL_StallEP   usbd_conf.o
    0x08004a50   0x00000020   Code   RO         3782    i.USBD_LL_Start     usbd_conf.o
    0x08004a70   0x00000012   Code   RO         4263    i.USBD_LL_Suspend   usbd_core.o
    0x08004a82   0x00000020   Code   RO         3784    i.USBD_LL_Transmit  usbd_conf.o
    0x08004aa2   0x00000028   Code   RO         4390    i.USBD_ParseSetupRequest  usbd_ctlreq.o
    0x08004aca   0x00000010   Code   RO         4264    i.USBD_RegisterClass  usbd_core.o
    0x08004ada   0x00000016   Code   RO         4266    i.USBD_SetClassConfig  usbd_core.o
    0x08004af0   0x00000074   Code   RO         4391    i.USBD_SetConfig    usbd_ctlreq.o
    0x08004b64   0x0000000a   Code   RO         4267    i.USBD_Start        usbd_core.o
    0x08004b6e   0x000000f2   Code   RO         4392    i.USBD_StdDevReq    usbd_ctlreq.o
    0x08004c60   0x000000dc   Code   RO         4393    i.USBD_StdEPReq     usbd_ctlreq.o
    0x08004d3c   0x00000034   Code   RO         4394    i.USBD_StdItfReq    usbd_ctlreq.o
    0x08004d70   0x00000002   Code   RO         3785    i.USBD_static_free  usbd_conf.o
    0x08004d72   0x00000002   PAD
    0x08004d74   0x00000008   Code   RO         3786    i.USBD_static_malloc  usbd_conf.o
    0x08004d7c   0x00000252   Code   RO          397    i.USB_ActivateEndpoint  stm32f1xx_ll_usb.o
    0x08004fce   0x00000004   Code   RO          400    i.USB_CoreInit      stm32f1xx_ll_usb.o
    0x08004fd2   0x00000110   Code   RO          402    i.USB_DeactivateEndpoint  stm32f1xx_ll_usb.o
    0x080050e2   0x00000004   Code   RO          403    i.USB_DevConnect    stm32f1xx_ll_usb.o
    0x080050e6   0x00000004   Code   RO          404    i.USB_DevDisconnect  stm32f1xx_ll_usb.o
    0x080050ea   0x0000001e   Code   RO          405    i.USB_DevInit       stm32f1xx_ll_usb.o
    0x08005108   0x0000000e   Code   RO          406    i.USB_DisableGlobalInt  stm32f1xx_ll_usb.o
    0x08005116   0x00000004   Code   RO          407    i.USB_EP0_OutStart  stm32f1xx_ll_usb.o
    0x0800511a   0x0000006a   Code   RO          408    i.USB_EPClearStall  stm32f1xx_ll_usb.o
    0x08005184   0x0000004a   Code   RO          409    i.USB_EPSetStall    stm32f1xx_ll_usb.o
    0x080051ce   0x000001a6   Code   RO          410    i.USB_EPStartXfer   stm32f1xx_ll_usb.o
    0x08005374   0x0000000e   Code   RO          411    i.USB_EnableGlobalInt  stm32f1xx_ll_usb.o
    0x08005382   0x00000002   PAD
    0x08005384   0x0000000c   Code   RO         4095    i.USB_HP_CAN1_TX_IRQHandler  stm32f1xx_it.o
    0x08005390   0x0000000c   Code   RO         4096    i.USB_LP_CAN1_RX0_IRQHandler  stm32f1xx_it.o
    0x0800539c   0x00000006   Code   RO          418    i.USB_ReadInterrupts  stm32f1xx_ll_usb.o
    0x080053a2   0x0000001c   Code   RO          419    i.USB_ReadPMA       stm32f1xx_ll_usb.o
    0x080053be   0x00000004   Code   RO          421    i.USB_SetCurrentMode  stm32f1xx_ll_usb.o
    0x080053c2   0x0000000c   Code   RO          422    i.USB_SetDevAddress  stm32f1xx_ll_usb.o
    0x080053ce   0x00000026   Code   RO          424    i.USB_WritePMA      stm32f1xx_ll_usb.o
    0x080053f4   0x00000002   Code   RO         4097    i.UsageFault_Handler  stm32f1xx_it.o
    0x080053f6   0x00000002   PAD
    0x080053f8   0x00000018   Code   RO         3218    i._Error_Handler    main.o
    0x08005410   0x0000000e   Code   RO         5788    i.__scatterload_copy  mc_w.l(handlers.o)
    0x0800541e   0x00000002   Code   RO         5789    i.__scatterload_null  mc_w.l(handlers.o)
    0x08005420   0x0000000e   Code   RO         5790    i.__scatterload_zeroinit  mc_w.l(handlers.o)
    0x0800542e   0x0000002e   Code   RO         3451    i.crc_16_ibm        freertos.o
    0x0800545c   0x00000064   Code   RO         3219    i.main              main.o
    0x080054c0   0x0000000c   Code   RO         5355    i.makeFreeRtosPriority  cmsis_os.o
    0x080054cc   0x0000000e   Code   RO         5357    i.osDelay           cmsis_os.o
    0x080054da   0x0000000a   Code   RO         5360    i.osKernelStart     cmsis_os.o
    0x080054e4   0x00000014   Code   RO         5393    i.osSystickHandler  cmsis_os.o
    0x080054f8   0x0000002e   Code   RO         5394    i.osThreadCreate    cmsis_os.o
    0x08005526   0x00000002   PAD
    0x08005528   0x00000070   Code   RO         5066    i.prvAddCurrentTaskToDelayedList  tasks.o
    0x08005598   0x000000d0   Code   RO         5067    i.prvAddNewTaskToReadyList  tasks.o
    0x08005668   0x00000054   Code   RO         5068    i.prvCheckTasksWaitingTermination  tasks.o
    0x080056bc   0x00000026   Code   RO         4926    i.prvCopyDataFromQueue  queue.o
    0x080056e2   0x0000006c   Code   RO         4927    i.prvCopyDataToQueue  queue.o
    0x0800574e   0x00000014   Code   RO         5069    i.prvDeleteTCB      tasks.o
    0x08005762   0x00000002   PAD
    0x08005764   0x00000048   Code   RO         4653    i.prvHeapInit       heap_4.o
    0x080057ac   0x00000028   Code   RO         5070    i.prvIdleTask       tasks.o
    0x080057d4   0x0000008e   Code   RO         5071    i.prvInitialiseNewTask  tasks.o
    0x08005862   0x00000002   PAD
    0x08005864   0x0000004c   Code   RO         4654    i.prvInsertBlockIntoFreeList  heap_4.o
    0x080058b0   0x0000001a   Code   RO         4928    i.prvIsQueueEmpty   queue.o
    0x080058ca   0x00000002   PAD
    0x080058cc   0x00000020   Code   RO         5072    i.prvResetNextTaskUnblockTime  tasks.o
    0x080058ec   0x00000028   Code   RO         4724    i.prvTaskExitError  port.o
    0x08005914   0x0000006a   Code   RO         4929    i.prvUnlockQueue    queue.o
    0x0800597e   0x00000002   PAD
    0x08005980   0x000000d8   Code   RO         4655    i.pvPortMalloc      heap_4.o
    0x08005a58   0x00000018   Code   RO         5074    i.pvTaskIncrementMutexHeldCount  tasks.o
    0x08005a70   0x00000024   Code   RO         4725    i.pxPortInitialiseStack  port.o
    0x08005a94   0x00000072   Code   RO         5728    i.roundf            m_ws.l(roundf.o)
    0x08005b06   0x00000024   Code   RO         4889    i.uxListRemove      list.o
    0x08005b2a   0x00000016   Code   RO         4890    i.vListInitialise   list.o
    0x08005b40   0x00000006   Code   RO         4891    i.vListInitialiseItem  list.o
    0x08005b46   0x00000030   Code   RO         4892    i.vListInsert       list.o
    0x08005b76   0x00000018   Code   RO         4893    i.vListInsertEnd    list.o
    0x08005b8e   0x00000002   PAD
    0x08005b90   0x00000040   Code   RO         4727    i.vPortEnterCritical  port.o
    0x08005bd0   0x00000028   Code   RO         4728    i.vPortExitCritical  port.o
    0x08005bf8   0x0000005c   Code   RO         4656    i.vPortFree         heap_4.o
    0x08005c54   0x00000020   Code   RO         4729    i.vPortSetupTimerInterrupt  port.o
    0x08005c74   0x00000054   Code   RO         4730    i.vPortValidateInterruptPriority  port.o
    0x08005cc8   0x0000004c   Code   RO         5080    i.vTaskDelay        tasks.o
    0x08005d14   0x0000000c   Code   RO         5083    i.vTaskMissedYield  tasks.o
    0x08005d20   0x00000030   Code   RO         5085    i.vTaskPlaceOnEventList  tasks.o
    0x08005d50   0x00000084   Code   RO         5087    i.vTaskPriorityInherit  tasks.o
    0x08005dd4   0x00000024   Code   RO         5090    i.vTaskSetTimeOutState  tasks.o
    0x08005df8   0x00000068   Code   RO         5091    i.vTaskStartScheduler  tasks.o
    0x08005e60   0x00000010   Code   RO         5093    i.vTaskSuspendAll   tasks.o
    0x08005e70   0x0000005c   Code   RO         5094    i.vTaskSwitchContext  tasks.o
    0x08005ecc   0x00000078   Code   RO         4731    i.xPortStartScheduler  port.o
    0x08005f44   0x0000002c   Code   RO         4732    i.xPortSysTickHandler  port.o
    0x08005f70   0x00000048   Code   RO         4937    i.xQueueGenericCreate  queue.o
    0x08005fb8   0x00000170   Code   RO         4938    i.xQueueGenericReceive  queue.o
    0x08006128   0x00000088   Code   RO         4939    i.xQueueGenericReset  queue.o
    0x080061b0   0x00000164   Code   RO         4940    i.xQueueGenericSend  queue.o
    0x08006314   0x000000bc   Code   RO         4941    i.xQueueGenericSendFromISR  queue.o
    0x080063d0   0x0000006c   Code   RO         5095    i.xTaskCheckForTimeOut  tasks.o
    0x0800643c   0x00000056   Code   RO         5096    i.xTaskCreate       tasks.o
    0x08006492   0x00000002   PAD
    0x08006494   0x0000001c   Code   RO         5100    i.xTaskGetSchedulerState  tasks.o
    0x080064b0   0x000000c8   Code   RO         5103    i.xTaskIncrementTick  tasks.o
    0x08006578   0x00000098   Code   RO         5106    i.xTaskPriorityDisinherit  tasks.o
    0x08006610   0x00000074   Code   RO         5107    i.xTaskRemoveFromEventList  tasks.o
    0x08006684   0x000000c4   Code   RO         5109    i.xTaskResumeAll    tasks.o
    0x08006748   0x000000c8   Data   RO         3455    .constdata          freertos.o
    0x08006810   0x00000010   Data   RO         4620    .constdata          system_stm32f1xx.o
    0x08006820   0x00000008   Data   RO         4621    .constdata          system_stm32f1xx.o
    0x08006828   0x00000078   Data   RO         3456    .conststring        freertos.o
    0x080068a0   0x00000020   Data   RO         5786    Region$$Table       anon$$obj.o


    Execution Region RW_IRAM1 (Base: 0x20000000, Size: 0x000047c8, Max: 0x00005000, ABSOLUTE, COMPRESSED[0x00000188])

    Base Addr    Size         Type   Attr      Idx    E Section Name        Object

    0x20000000   0x0000000c   Data   RW         2350    .data               stm32f1xx_hal.o
    0x2000000c   0x00000010   Data   RW         3221    .data               main.o
    0x2000001c   0x000003da   Data   RW         3457    .data               freertos.o
    0x200003f6   0x00000002   PAD
    0x200003f8   0x0000001c   Data   RW         3971    .data               usbd_desc.o
    0x20000414   0x00000016   Data   RW         3972    .data               usbd_desc.o
    0x2000042a   0x00000004   Data   RW         4037    .data               usbd_cdc_if.o
    0x2000042e   0x00000002   PAD
    0x20000430   0x00000010   Data   RW         4038    .data               usbd_cdc_if.o
    0x20000440   0x00000001   Data   RW         4395    .data               usbd_ctlreq.o
    0x20000441   0x00000003   PAD
    0x20000444   0x000000db   Data   RW         4527    .data               usbd_cdc.o
    0x2000051f   0x00000001   PAD
    0x20000520   0x00000038   Data   RW         4528    .data               usbd_cdc.o
    0x20000558   0x00000004   Data   RW         4622    .data               system_stm32f1xx.o
    0x2000055c   0x00000018   Data   RW         4661    .data               heap_4.o
    0x20000574   0x0000000c   Data   RW         4733    .data               port.o
    0x20000580   0x0000003c   Data   RW         5112    .data               tasks.o
    0x200005bc   0x00000009   Zero   RW         3220    .bss                main.o
    0x200005c5   0x00000003   PAD
    0x200005c8   0x00000030   Zero   RW         3393    .bss                adc.o
    0x200005f8   0x000001d9   Zero   RW         3452    .bss                freertos.o
    0x200007d1   0x00000003   PAD
    0x200007d4   0x00000014   Zero   RW         3632    .bss                rtc.o
    0x200007e8   0x00000080   Zero   RW         3675    .bss                usart.o
    0x20000868   0x00000224   Zero   RW         3720    .bss                usb_device.o
    0x20000a8c   0x00000680   Zero   RW         3787    .bss                usbd_conf.o
    0x2000110c   0x00000200   Zero   RW         3970    .bss                usbd_desc.o
    0x2000130c   0x00000bb8   Zero   RW         4036    .bss                usbd_cdc_if.o
    0x20001ec4   0x00000040   Zero   RW         4212    .bss                stm32f1xx_hal_timebase_tim.o
    0x20001f04   0x000023d3   Zero   RW         4660    .bss                heap_4.o
    0x200042d7   0x00000001   PAD
    0x200042d8   0x000000f0   Zero   RW         5111    .bss                tasks.o
    0x200043c8   0x00000400   Zero   RW            1    STACK               startup_stm32f103xb.o


==============================================================================

Image component sizes


      Code (inc. data)   RO Data    RW Data    ZI Data      Debug   Object Name

       240         36          0          0         48       1673   adc.o
       102          0          0          0          0      13172   cmsis_os.o
         0          0          0          0          0       8088   event_groups.o
      4370        230        320        986        473      21214   freertos.o
       148         14          0          0          0        891   gpio.o
       456         22          0         24       9171       8779   heap_4.o
       136          0          0          0          0       3374   list.o
       424         62          0         16          9      30540   main.o
       610         70          0         12          0      10993   port.o
      1398         16          0          0          0      12049   queue.o
       120         38          0          0         20       1463   rtc.o
        36          8        236          0       1024        800   startup_stm32f103xb.o
       100         18          0         12          0       3166   stm32f1xx_hal.o
       956         34          0          0          0       5932   stm32f1xx_hal_adc.o
       688         24          0          0          0       3877   stm32f1xx_hal_adc_ex.o
       218         14          0          0          0      26297   stm32f1xx_hal_cortex.o
       152          4          0          0          0       1095   stm32f1xx_hal_dma.o
       484         34          0          0          0       4052   stm32f1xx_hal_gpio.o
         0          0          0          0          0     469820   stm32f1xx_hal_gpio_ex.o
       144         10          0          0          0        906   stm32f1xx_hal_msp.o
      1780          0          0          0          0      10117   stm32f1xx_hal_pcd.o
        52          0          0          0          0       1166   stm32f1xx_hal_pcd_ex.o
        12          4          0          0          0        511   stm32f1xx_hal_pwr.o
      1340        110          0          0          0       6373   stm32f1xx_hal_rcc.o
       428         44          0          0          0       2613   stm32f1xx_hal_rcc_ex.o
       322          6          0          0          0       3712   stm32f1xx_hal_rtc.o
       554         14          0          0          0       6866   stm32f1xx_hal_tim.o
         4          0          0          0          0       1598   stm32f1xx_hal_tim_ex.o
       116         18          0          0         64       1440   stm32f1xx_hal_timebase_tim.o
      1400         10          0          0          0       9323   stm32f1xx_hal_uart.o
        88         36          0          0          0       5509   stm32f1xx_it.o
      1630          0          0          0          0      12891   stm32f1xx_ll_usb.o
        72         16         24          4          0       1151   system_stm32f1xx.o
      2064        172          0         60        240      21641   tasks.o
       336         66          0          0        128       2243   usart.o
        56         18          0          0        548        700   usb_device.o
       590         22          0        275          0      12670   usbd_cdc.o
       152         30          0         20       3000       3499   usbd_cdc_if.o
       664         50          0          0       1664      13149   usbd_conf.o
       592          0          0          0          0       9207   usbd_core.o
       986         30          0          1          0       7792   usbd_ctlreq.o
       212        116          0         50        512       4967   usbd_desc.o
       132          0          0          0          0       4304   usbd_ioreq.o

    ----------------------------------------------------------------------
     24416       1396        612       1468      16908     771623   Object Totals
         0          0         32          0          0          0   (incl. Generated)
        52          0          0          8          7          0   (incl. Padding)

    ----------------------------------------------------------------------

      Code (inc. data)   RO Data    RW Data    ZI Data      Debug   Library Member Name

       114          0          0          0          0         80   roundf.o
        86          0          0          0          0          0   __dczerorl2.o
         0          0          0          0          0          0   entry.o
         0          0          0          0          0          0   entry10a.o
         0          0          0          0          0          0   entry11a.o
         8          4          0          0          0          0   entry2.o
         4          0          0          0          0          0   entry5.o
         0          0          0          0          0          0   entry7b.o
         0          0          0          0          0          0   entry8b.o
         8          4          0          0          0          0   entry9a.o
        30          0          0          0          0          0   handlers.o
        36          8          0          0          0         68   init.o
         0          0          0          0          0          0   iusefp.o
        30          0          0          0          0         68   llshl.o
        32          0          0          0          0         68   llushr.o
        36          0          0          0          0         68   memcpya.o
       222          0          0          0          0        100   ddiv.o
       186          0          0          0          0        176   depilogue.o
        50          0          0          0          0         76   dfixui.o
        34          0          0          0          0         76   dflti.o
       228          0          0          0          0         96   dmul.o
        38          0          0          0          0         68   f2d.o
       176          0          0          0          0        140   fadd.o
       124          0          0          0          0         88   fdiv.o
       110          0          0          0          0        168   fepilogue.o
        40          0          0          0          0         68   ffixui.o
        10          0          0          0          0         68   ffltui.o
       100          0          0          0          0         76   fmul.o
        60          0          0          0          0         76   frnd.o
        24          0          0          0          0         68   fscalb.o

    ----------------------------------------------------------------------
      1788         16          0          0          0       1696   Library Totals
         2          0          0          0          0          0   (incl. Padding)

    ----------------------------------------------------------------------

      Code (inc. data)   RO Data    RW Data    ZI Data      Debug   Library Name

       114          0          0          0          0         80   m_ws.l
       270         16          0          0          0        272   mc_w.l
      1402          0          0          0          0       1344   mf_w.l

    ----------------------------------------------------------------------
      1788         16          0          0          0       1696   Library Totals

    ----------------------------------------------------------------------

==============================================================================


      Code (inc. data)   RO Data    RW Data    ZI Data      Debug   

     26204       1412        612       1468      16908     758575   Grand Totals
     26204       1412        612        392      16908     758575   ELF Image Totals (compressed)
     26204       1412        612        392          0          0   ROM Totals

==============================================================================

    Total RO  Size (Code + RO Data)                26816 (  26.19kB)
    Total RW  Size (RW Data + ZI Data)             18376 (  17.95kB)
    Total ROM Size (Code + RO Data + RW Data)      27208 (  26.57kB)

==============================================================================

